AttributeError: 'res.company' object has no attribute 'get_hellenia_quotation_terms_display'

The above exception was the direct cause of the following exception:

Traceback (most recent call last):
  File "/usr/lib/python3/dist-packages/odoo/http.py", line 2856, in __call__
    response = request._serve_db()
               ^^^^^^^^^^^^^^^^^^^
  File "/usr/lib/python3/dist-packages/odoo/http.py", line 2331, in _serve_db
    raise self._update_served_exception(exc)
  File "/usr/lib/python3/dist-packages/odoo/http.py", line 2329, in _serve_db
    return service_model.retrying(serve_func, env=self.env)
           ^^^^^^^^^^^^^^^^^^^^^^^^^^^^^^^^^^^^^^^^^^^^^^^^
  File "/usr/lib/python3/dist-packages/odoo/service/model.py", line 188, in retrying
    result = func()
             ^^^^^^
  File "/usr/lib/python3/dist-packages/odoo/http.py", line 2384, in _serve_ir_http
    response = self.dispatcher.dispatch(rule.endpoint, args)
               ^^^^^^^^^^^^^^^^^^^^^^^^^^^^^^^^^^^^^^^^^^^^^
  File "/usr/lib/python3/dist-packages/odoo/http.py", line 2506, in dispatch
    return self.request.registry['ir.http']._dispatch(endpoint)
           ^^^^^^^^^^^^^^^^^^^^^^^^^^^^^^^^^^^^^^^^^^^^^^^^^^^^
  File "/usr/lib/python3/dist-packages/odoo/addons/base/models/ir_http.py", line 353, in _dispatch
    result = endpoint(**request.params)
             ^^^^^^^^^^^^^^^^^^^^^^^^^^
  File "/usr/lib/python3/dist-packages/odoo/http.py", line 838, in route_wrapper
    result = endpoint(self, *args, **params_ok)
             ^^^^^^^^^^^^^^^^^^^^^^^^^^^^^^^^^^
  File "/usr/lib/python3/dist-packages/odoo/addons/sale/controllers/portal.py", line 148, in portal_order_page
    return self._show_report(
           ^^^^^^^^^^^^^^^^^^
  File "/usr/lib/python3/dist-packages/odoo/addons/portal/controllers/portal.py", line 1031, in _show_report
    report = getattr(ReportAction, method_name)(report_ref, list(model.ids), data={'report_type': report_type})[0]
             ^^^^^^^^^^^^^^^^^^^^^^^^^^^^^^^^^^^^^^^^^^^^^^^^^^^^^^^^^^^^^^^^^^^^^^^^^^^^^^^^^^^^^^^^^^^^^^^^^^
  File "/usr/lib/python3/dist-packages/odoo/addons/base/models/ir_actions_report.py", line 1040, in _render_qweb_pdf
    collected_streams, report_type = self._pre_render_qweb_pdf(report_ref, res_ids=res_ids, data=data)
                                     ^^^^^^^^^^^^^^^^^^^^^^^^^^^^^^^^^^^^^^^^^^^^^^^^^^^^^^^^^^^^^^^^^
  File "/usr/lib/python3/dist-packages/odoo/addons/account/models/ir_actions_report.py", line 74, in _pre_render_qweb_pdf
    return super()._pre_render_qweb_pdf(report_ref, res_ids=res_ids, data=data)
           ^^^^^^^^^^^^^^^^^^^^^^^^^^^^^^^^^^^^^^^^^^^^^^^^^^^^^^^^^^^^^^^^^^^^
  File "/usr/lib/python3/dist-packages/odoo/addons/base/models/ir_actions_report.py", line 1031, in _pre_render_qweb_pdf
    return self._render_qweb_pdf_prepare_streams(report_ref, data, res_ids=res_ids), 'pdf'
           ^^^^^^^^^^^^^^^^^^^^^^^^^^^^^^^^^^^^^^^^^^^^^^^^^^^^^^^^^^^^^^^^^^^^^^^^
  File "/usr/lib/python3/dist-packages/odoo/addons/sale_pdf_quote_builder/models/ir_actions_report.py", line 23, in _render_qweb_pdf_prepare_streams
    result = super()._render_qweb_pdf_prepare_streams(report_ref, data, res_ids=res_ids)
             ^^^^^^^^^^^^^^^^^^^^^^^^^^^^^^^^^^^^^^^^^^^^^^^^^^^^^^^^^^^^^^^^^^^^^^^^^^^
  File "/mnt/enterprise/addons/account_followup/models/ir_actions_report.py", line 13, in _render_qweb_pdf_prepare_streams
    res = super()._render_qweb_pdf_prepare_streams(report_ref, data, res_ids)
          ^^^^^^^^^^^^^^^^^^^^^^^^^^^^^^^^^^^^^^^^^^^^^^^^^^^^^^^^^^^^^^^^^^^
  File "/usr/lib/python3/dist-packages/odoo/addons/sale/models/ir_actions_report.py", line 12, in _render_qweb_pdf_prepare_streams
    collected_streams = super()._render_qweb_pdf_prepare_streams(report_ref, data, res_ids=res_ids)
                        ^^^^^^^^^^^^^^^^^^^^^^^^^^^^^^^^^^^^^^^^^^^^^^^^^^^^^^^^^^^^^^^^^^^^^^^^^^^
  File "/usr/lib/python3/dist-packages/odoo/addons/purchase/models/ir_actions_report.py", line 12, in _render_qweb_pdf_prepare_streams
    collected_streams = super()._render_qweb_pdf_prepare_streams(report_ref, data, res_ids=res_ids)
                        ^^^^^^^^^^^^^^^^^^^^^^^^^^^^^^^^^^^^^^^^^^^^^^^^^^^^^^^^^^^^^^^^^^^^^^^^^^^
  File "/usr/lib/python3/dist-packages/odoo/addons/account_edi_ubl_cii/models/ir_actions_report.py", line 11, in _render_qweb_pdf_prepare_streams
    collected_streams = super()._render_qweb_pdf_prepare_streams(report_ref, data, res_ids)
                        ^^^^^^^^^^^^^^^^^^^^^^^^^^^^^^^^^^^^^^^^^^^^^^^^^^^^^^^^^^^^^^^^^^^
  File "/usr/lib/python3/dist-packages/odoo/addons/account/models/ir_actions_report.py", line 21, in _render_qweb_pdf_prepare_streams
    return super()._render_qweb_pdf_prepare_streams(report_ref, data, res_ids=res_ids)
           ^^^^^^^^^^^^^^^^^^^^^^^^^^^^^^^^^^^^^^^^^^^^^^^^^^^^^^^^^^^^^^^^^^^^^^^^^^^
  File "/usr/lib/python3/dist-packages/odoo/addons/base/models/ir_actions_report.py", line 879, in _render_qweb_pdf_prepare_streams
    html = self.with_context(**additional_context)._render_qweb_html(report_ref, all_res_ids_wo_stream, data=data)[0]
           ^^^^^^^^^^^^^^^^^^^^^^^^^^^^^^^^^^^^^^^^^^^^^^^^^^^^^^^^^^^^^^^^^^^^^^^^^^^^^^^^^^^^^^^^^^^^^^^^^^^^^^^
  File "/usr/lib/python3/dist-packages/odoo/addons/base/models/ir_actions_report.py", line 1119, in _render_qweb_html
    return self._render_template(report.report_name, data), 'html'
           ^^^^^^^^^^^^^^^^^^^^^^^^^^^^^^^^^^^^^^^^^^^^^^^
  File "/usr/lib/python3/dist-packages/odoo/addons/base/models/ir_actions_report.py", line 789, in _render_template
    return view_obj._render_template(template, values).encode()
           ^^^^^^^^^^^^^^^^^^^^^^^^^^^^^^^^^^^^^^^^^^^
  File "/usr/lib/python3/dist-packages/odoo/addons/base/models/ir_ui_view.py", line 2546, in _render_template
    return self.env['ir.qweb']._render(template, values)
           ^^^^^^^^^^^^^^^^^^^^^^^^^^^^^^^^^^^^^^^^^^^^^
  File "/usr/lib/python3/dist-packages/odoo/addons/base/models/ir_qweb.py", line 744, in _render
    return Markup(''.join(iterator))
                  ^^^^^^^^^^^^^^^^^
  File "/usr/lib/python3/dist-packages/odoo/addons/base/models/ir_qweb.py", line 866, in _render_iterall
    raise QWebError(qweb_error_info) from error
odoo.addons.base.models.ir_qweb.QWebError: Error while rendering the template:
    AttributeError: 'res.company' object has no attribute 'get_hellenia_quotation_terms_display'
    Template: hellenia_reports.hellenia_quotation_document
    Reference: 2139
    Path: /t/div/div[6]/t[2]/div
    Element: <div class="hellenia-conditions-body hellenia-conditions-plain" t-out="company.get_hellenia_quotation_terms_display()"/>
    From: (1428, '/t/t', '<t t-call="sale.report_saleorder_raw"/>')
          (1427, '/t/t', '<t t-call="web.html_container"/>')
          (200, '/t/t[2]', '<t t-call="web.report_layout"/>')
          (198, '/t/html/body/div/main/t', '<t t-out="0"/>')
          (200, '/t/t[2]', '<t t-call="web.report_layout"/>')
          (198, '/t/html/body/div/main/t', '<t t-out="0"/>')
          (1427, '/t/t', '<t t-call="web.html_container"/>')
          (1427, '/t/t/t/t[1]', '<t t-call="hellenia_reports.hellenia_quotation_document" t-inner-content="True" t-options-lang="doc.partner_id.lang"/>')
          (2139, '/t/div/div[6]/t[2]/div', '<div class="hellenia-conditions-body hellenia-conditions-plain" t-out="company.get_hellenia_quotation_terms_display()"/>')
2026-07-01 18:30:50,956 1 INFO hellenia_test werkzeug: 170.244.42.35 - - [01/Jul/2026 18:30:50] "GET /es/my/orders/135?access_token=5cfe1502-4569-4b80-8fc1-0c40f54ea370&report_type=pdf HTTP/1.1" 500 - 62 0.027 0.228
