========================================
FDP DEPLOY — 2026-07-09T23:15:34+02:00
EVIDENCE=/opt/odoo-dev/evidence/fiscal-integration/FDP-deploy-20260709_231534
PERIOD=202606
========================================
==> PRE: healthcheck completo
{
  "ts": "2026-07-09T21:15:39.036729+00:00",
  "database": "justech_dev",
  "passed": true,
  "errors": [],
  "checks": [
    {
      "name": "odoo_env",
      "ok": true,
      "detail": "justech_dev"
    },
    {
      "name": "apps_module_registry",
      "ok": true,
      "detail": "sample=5"
    },
    {
      "name": "adel_active",
      "ok": true,
      "detail": "installed"
    },
    {
      "name": "justech_base_installed",
      "ok": true,
      "detail": "19.0.1.6.0"
    },
    {
      "name": "justech_ncf_installed",
      "ok": true,
      "detail": "19.0.2.1.0"
    },
    {
      "name": "justech_reports_installed",
      "ok": true,
      "detail": "19.0.1.14.0"
    },
    {
      "name": "justech_fiscal_disabled_all",
      "ok": true,
      "detail": "enabled=[]"
    },
    {
      "name": "four_companies",
      "ok": true,
      "detail": "4"
    },
    {
      "name": "warranty_module",
      "ok": true,
      "detail": "19.0.1.8.0"
    },
    {
      "name": "historical_invoices",
      "ok": true,
      "detail": "opened=3"
    },
    {
      "name": "payments",
      "ok": true,
      "detail": "opened=3"
    },
    {
      "name": "sales_orders",
      "ok": true,
      "detail": "C-0003865"
    },
    {
      "name": "posted_moves",
      "ok": true,
      "detail": "2255"
    },
    {
      "name": "reconciles_947",
      "ok": true,
      "detail": "947"
    },
    {
      "name": "ncf_adel_1504",
      "ok": true,
      "detail": "1504"
    },
    {
      "name": "gl_balanced",
      "ok": true,
      "detail": "85656868.89 vs 85656868.89"
    },
    {
      "name": "chatter_messages",
      "ok": true,
      "detail": "sample=1"
    },
    {
      "name": "asset_attachments_db",
      "ok": true,
      "detail": "149"
    }
  ]
}
==> PRE: baseline histórico
{
  "label": "post_install",
  "ts": "2026-07-09T21:15:44.745816+00:00",
  "database": "justech_dev",
  "checks": {
    "posted_moves": 2255,
    "partial_reconciles": 947,
    "payments_active": 677,
    "companies": 4,
    "gl_debit": 85656868.89,
    "gl_credit": 85656868.89,
    "gl_balanced": true,
    "ncf_adel": 1504,
    "ncf_justech_posted": 0,
    "fiscal_enabled_companies": 0,
    "journals_justech_ncf": 0,
    "reconcile_lines_exist": true,
    "modules": {
      "justech_l10n_do_base": {
        "state": "installed",
        "version": "19.0.1.6.0"
      },
      "justech_l10n_do_ncf": {
        "state": "installed",
        "version": "19.0.2.1.0"
      },
      "justech_l10n_do_reports": {
        "state": "installed",
        "version": "19.0.1.14.0"
      },
      "l10n_do_accounting": {
        "state": "installed",
        "version": "19.0.1.0.0"
      }
    }
  },
  "errors": [],
  "ok": true
}
==> PRE: validate full
{
  "iteration": "DEV-1-validate",
  "ts": "2026-07-09T21:15:51.731228+00:00",
  "database": "justech_dev",
  "passed": true,
  "errors": [],
  "warnings": [],
  "checks": [
    {
      "name": "adel_active",
      "ok": true,
      "detail": "state=installed"
    },
    {
      "name": "justech_base_installed",
      "ok": true,
      "detail": "19.0.1.6.0"
    },
    {
      "name": "justech_ncf_installed",
      "ok": true,
      "detail": "19.0.2.1.0"
    },
    {
      "name": "four_companies",
      "ok": true,
      "detail": "count=4"
    },
    {
      "name": "justech_fiscal_disabled_all",
      "ok": true,
      "detail": "enabled=[]"
    },
    {
      "name": "no_justech_ncf_journals",
      "ok": true,
      "detail": "journals=[]"
    },
    {
      "name": "posted_moves_2255",
      "ok": true,
      "detail": "got=2255"
    },
    {
      "name": "ncf_adel_1504",
      "ok": true,
      "detail": "got=1504"
    },
    {
      "name": "justech_ncf_posted_zero",
      "ok": true,
      "detail": "unexpected justech NCF on posted"
    },
    {
      "name": "reconciles_947",
      "ok": true,
      "detail": "got=947"
    },
    {
      "name": "payments_677",
      "ok": true,
      "detail": "got=677"
    },
    {
      "name": "gl_balanced",
      "ok": true,
      "detail": "85656868.89 vs 85656868.89"
    },
    {
      "name": "open_historical_invoices",
      "ok": true,
      "detail": "sample=5"
    },
    {
      "name": "open_payments",
      "ok": true,
      "detail": "sample=5"
    },
    {
      "name": "open_reconciliations",
      "ok": true,
      "detail": "lines=5"
    },
    {
      "name": "open_credit_notes",
      "ok": true,
      "detail": "found=3"
    },
    {
      "name": "create_draft_invoice",
      "ok": true,
      "detail": "id=3924 journal=Facturas de Ventas"
    },
    {
      "name": "adel_fields_on_move",
      "ok": true,
      "detail": "Adel/LatAm fields present"
    },
    {
      "name": "no_fiscal_admin_menu_for_sales",
      "ok": true,
      "detail": "menus=[]"
    }
  ],
  "metrics": {
    "posted_moves": 2255,
    "ncf_adel": 1504,
    "reconciles": 947,
    "payments": 677,
    "gl_balanced": true,
    "fiscal_enabled_companies": 0
  }
}
==> PRE: validación 606 período 202606
{
  "ts": "2026-07-09T21:15:57.337744+00:00",
  "database": "justech_dev",
  "period_code": "202606",
  "date_from": "2026-06-01",
  "date_to": "2026-06-30",
  "company_id": 1,
  "company_name": "JUSTECH S.R.L.",
  "provider_installed": false,
  "counts": {
    "all": 90,
    "valid": 0,
    "incomplete": 90,
    "excluded": 0,
    "cancelled": 0,
    "partners_affected": 45,
    "error_lines": 95
  },
  "total_errors": 95,
  "errors_by_category": {
    "missing_ncf": 90,
    "tax": 5
  },
  "missing_ncf_count": 90,
  "missing_ncf_moves_sample": [
    {
      "move_id": 3298,
      "move_name": "FP/2026/06/0002",
      "justech_do_ncf": "",
      "l10n_latam_document_number": "E310002533258",
      "provider_ncf": "E310002533258",
      "provider_source": "adel_latam",
      "errors": [
        "FP/2026/06/0002: la factura no tiene NCF."
      ]
    },
    {
      "move_id": 3537,
      "move_name": "FP/2026/06/0083",
      "justech_do_ncf": "",
      "l10n_latam_document_number": "E310000000209",
      "provider_ncf": "E310000000209",
      "provider_source": "adel_latam",
      "errors": [
        "FP/2026/06/0083: la factura no tiene NCF."
      ]
    },
    {
      "move_id": 3538,
      "move_name": "FP/2026/06/0084",
      "justech_do_ncf": "",
      "l10n_latam_document_number": "E310000019120",
      "provider_ncf": "E310000019120",
      "provider_source": "adel_latam",
      "errors": [
        "FP/2026/06/0084: la factura no tiene NCF."
      ]
    },
    {
      "move_id": 3300,
      "move_name": "FP/2026/06/0003",
      "justech_do_ncf": "",
      "l10n_latam_document_number": "E310000013374",
      "provider_ncf": "E310000013374",
      "provider_source": "adel_latam",
      "errors": [
        "FP/2026/06/0003: la factura no tiene NCF."
      ]
    },
    {
      "move_id": 3306,
      "move_name": "FP/2026/06/0004",
      "justech_do_ncf": "",
      "l10n_latam_document_number": "B0100094176",
      "provider_ncf": "B0100094176",
      "provider_source": "adel_latam",
      "errors": [
        "FP/2026/06/0004: la factura no tiene NCF."
      ]
    },
    {
      "move_id": 3308,
      "move_name": "FP/2026/06/0005",
      "justech_do_ncf": "",
      "l10n_latam_document_number": "E310002538638",
      "provider_ncf": "E310002538638",
      "provider_source": "adel_latam",
      "errors": [
        "FP/2026/06/0005: la factura no tiene NCF."
      ]
    },
    {
      "move_id": 3310,
      "move_name": "FP/2026/06/0006",
      "justech_do_ncf": "",
      "l10n_latam_document_number": "E310008554390",
      "provider_ncf": "E310008554390",
      "provider_source": "adel_latam",
      "errors": [
        "FP/2026/06/0006: la factura no tiene NCF."
      ]
    },
    {
      "move_id": 3361,
      "move_name": "FP/2026/06/0007",
      "justech_do_ncf": "",
      "l10n_latam_document_number": "B0100003390",
      "provider_ncf": "B0100003390",
      "provider_source": "adel_latam",
      "errors": [
        "FP/2026/06/0007: la factura no tiene NCF."
      ]
    },
    {
      "move_id": 3362,
      "move_name": "FP/2026/06/0008",
      "justech_do_ncf": "",
      "l10n_latam_document_number": "E310000002965",
      "provider_ncf": "E310000002965",
      "provider_source": "adel_latam",
      "errors": [
        "FP/2026/06/0008: la factura no tiene NCF."
      ]
    },
    {
      "move_id": 3364,
      "move_name": "FP/2026/06/0009",
      "justech_do_ncf": "",
      "l10n_latam_document_number": "E310000000877",
      "provider_ncf": "E310000000877",
      "provider_source": "adel_latam",
      "errors": [
        "FP/2026/06/0009: la factura no tiene NCF."
      ]
    },
    {
      "move_id": 3367,
      "move_name": "FP/2026/06/0010",
      "justech_do_ncf": "",
      "l10n_latam_document_number": "E310002543587",
      "provider_ncf": "E310002543587",
      "provider_source": "adel_latam",
      "errors": [
        "FP/2026/06/0010: la factura no tiene NCF."
      ]
    },
    {
      "move_id": 3369,
      "move_name": "FP/2026/06/0011",
      "justech_do_ncf": "",
      "l10n_latam_document_number": "E310000220550",
      "provider_ncf": "E310000220550",
      "provider_source": "adel_latam",
      "errors": [
        "FP/2026/06/0011: la factura no tiene NCF."
      ]
    },
    {
      "move_id": 3370,
      "move_name": "FP/2026/06/0012",
      "justech_do_ncf": "",
      "l10n_latam_document_number": "E310000031585",
      "provider_ncf": "E310000031585",
      "provider_source": "adel_latam",
      "errors": [
        "FP/2026/06/0012: la factura no tiene NCF."
      ]
    },
    {
      "move_id": 3372,
      "move_name": "FP/2026/06/0013",
      "justech_do_ncf": "",
      "l10n_latam_document_number": "E310000220553",
      "provider_ncf": "E310000220553",
      "provider_source": "adel_latam",
      "errors": [
        "FP/2026/06/0013: la factura no tiene NCF."
      ]
    },
    {
      "move_id": 3373,
      "move_name": "FP/2026/06/0014",
      "justech_do_ncf": "",
      "l10n_latam_document_number": "E310000220549",
      "provider_ncf": "E310000220549",
      "provider_source": "adel_latam",
      "errors": [
        "FP/2026/06/0014: la factura no tiene NCF."
      ]
    },
    {
      "move_id": 3378,
      "move_name": "FP/2026/06/0015",
      "justech_do_ncf": "",
      "l10n_latam_document_number": "E310005211321",
      "provider_ncf": "E310005211321",
      "provider_source": "adel_latam",
      "errors": [
        "FP/2026/06/0015: la factura no tiene NCF."
      ]
    },
    {
      "move_id": 3380,
      "move_name": "FP/2026/06/0016",
      "justech_do_ncf": "",
      "l10n_latam_document_number": "E310000084937",
      "provider_ncf": "E310000084937",
      "provider_source": "adel_latam",
      "errors": [
        "FP/2026/06/0016: la factura no tiene NCF."
      ]
    },
    {
      "move_id": 3383,
      "move_name": "FP/2026/06/0017",
      "justech_do_ncf": "",
      "l10n_latam_document_number": "B0100054846",
      "provider_ncf": "B0100054846",
      "provider_source": "adel_latam",
      "errors": [
        "FP/2026/06/0017: la factura no tiene NCF."
      ]
    },
    {
      "move_id": 3385,
      "move_name": "FP/2026/06/0018",
      "justech_do_ncf": "",
      "l10n_latam_document_number": "E310000001250",
      "provider_ncf": "E310000001250",
      "provider_source": "adel_latam",
      "errors": [
        "FP/2026/06/0018: la factura no tiene NCF."
      ]
    },
    {
      "move_id": 3387,
      "move_name": "FP/2026/06/0019",
      "justech_do_ncf": "",
      "l10n_latam_document_number": "E310000048667",
      "provider_ncf": "E310000048667",
      "provider_source": "adel_latam",
      "errors": [
        "FP/2026/06/0019: la factura no tiene NCF."
      ]
    },
    {
      "move_id": 3389,
      "move_name": "FP/2026/06/0020",
      "justech_do_ncf": "",
      "l10n_latam_document_number": "E310000016098",
      "provider_ncf": "E310000016098",
      "provider_source": "adel_latam",
      "errors": [
        "FP/2026/06/0020: la factura no tiene NCF."
      ]
    },
    {
      "move_id": 3391,
      "move_name": "FP/2026/06/0021",
      "justech_do_ncf": "",
      "l10n_latam_document_number": "E310009163931",
      "provider_ncf": "E310009163931",
      "provider_source": "adel_latam",
      "errors": [
        "FP/2026/06/0021: la factura no tiene NCF."
      ]
    },
    {
      "move_id": 3393,
      "move_name": "FP/2026/06/0022",
      "justech_do_ncf": "",
      "l10n_latam_document_number": "B0100012540",
      "provider_ncf": "B0100012540",
      "provider_source": "adel_latam",
      "errors": [
        "FP/2026/06/0022: la factura no tiene NCF."
      ]
    },
    {
      "move_id": 3395,
      "move_name": "FP/2026/06/0023",
      "justech_do_ncf": "",
      "l10n_latam_document_number": "E310000053120",
      "provider_ncf": "E310000053120",
      "provider_source": "adel_latam",
      "errors": [
        "FP/2026/06/0023: la factura no tiene NCF."
      ]
    },
    {
      "move_id": 3397,
      "move_name": "FP/2026/06/0024",
      "justech_do_ncf": "",
      "l10n_latam_document_number": "E310000005010",
      "provider_ncf": "E310000005010",
      "provider_source": "adel_latam",
      "errors": [
        "FP/2026/06/0024: la factura no tiene NCF."
      ]
    }
  ],
  "target_ecf_E310000019120": {
    "move_id": 3538,
    "move_name": "FP/2026/06/0084",
    "in_period": true,
    "invoice_date": "2026-06-01",
    "move_type": "in_invoice",
    "l10n_latam_document_number": "E310000019120",
    "justech_do_ncf": "",
    "provider_ncf": "E310000019120",
    "provider_source": "adel_latam",
    "errors": [
      "FP/2026/06/0084: la factura no tiene NCF.",
      "FP/2026/06/0084: impuesto no clasificado para DGII: 2% CDT"
    ],
    "missing_ncf_error": true
  },
  "errors_sample": [
    "FP/2026/06/0002: la factura no tiene NCF.",
    "FP/2026/06/0083: la factura no tiene NCF.",
    "FP/2026/06/0083: impuesto no clasificado para DGII: 2% CDT",
    "FP/2026/06/0084: la factura no tiene NCF.",
    "FP/2026/06/0084: impuesto no clasificado para DGII: 2% CDT",
    "FP/2026/06/0003: la factura no tiene NCF.",
    "FP/2026/06/0004: la factura no tiene NCF.",
    "FP/2026/06/0005: la factura no tiene NCF.",
    "FP/2026/06/0006: la factura no tiene NCF.",
    "FP/2026/06/0007: la factura no tiene NCF.",
    "FP/2026/06/0008: la factura no tiene NCF.",
    "FP/2026/06/0009: la factura no tiene NCF.",
    "FP/2026/06/0010: la factura no tiene NCF.",
    "FP/2026/06/0011: la factura no tiene NCF.",
    "FP/2026/06/0012: la factura no tiene NCF.",
    "FP/2026/06/0013: la factura no tiene NCF.",
    "FP/2026/06/0014: la factura no tiene NCF.",
    "FP/2026/06/0015: la factura no tiene NCF.",
    "FP/2026/06/0016: la factura no tiene NCF.",
    "FP/2026/06/0017: la factura no tiene NCF.",
    "FP/2026/06/0018: la factura no tiene NCF.",
    "FP/2026/06/0019: la factura no tiene NCF.",
    "FP/2026/06/0020: la factura no tiene NCF.",
    "FP/2026/06/0021: la factura no tiene NCF.",
    "FP/2026/06/0022: la factura no tiene NCF.",
    "FP/2026/06/0023: la factura no tiene NCF.",
    "FP/2026/06/0024: la factura no tiene NCF.",
    "FP/2026/06/0025: la factura no tiene NCF.",
    "FP/2026/06/0026: la factura no tiene NCF.",
    "FP/2026/06/0027: la factura no tiene NCF.",
    "FP/2026/06/0028: la factura no tiene NCF.",
    "FP/2026/06/0086: la factura no tiene NCF.",
    "FP/2026/06/0029: la factura no tiene NCF.",
    "FP/2026/06/0030: la factura no tiene NCF.",
    "FP/2026/06/0031: la factura no tiene NCF.",
    "FP/2026/06/0032: la factura no tiene NCF.",
    "FP/2026/06/0033: la factura no tiene NCF.",
    "FP/2026/06/0034: la factura no tiene NCF.",
    "FP/2026/06/0035: la factura no tiene NCF.",
    "FP/2026/06/0060: la factura no tiene NCF."
  ],
  "ok": true
}
==> PRE: smoke provider (si ya existe)
{"ok": false, "reason": "provider_not_installed_yet"}
==> BACKUP blindado pre-upgrade
==> Sync código (base + reports only)
install: '/opt/odoo-dev/scripts/fiscal-provider-smoke.py' and '/opt/odoo-dev/scripts/fiscal-provider-smoke.py' are the same file
