BASELINE (16, 137, 1752, 524, 204)
PASS c1_sales
PASS c1_purchase
PASS c1_inventory
PASS c1_accounting
PASS c1_fiscal
PASS c1_groups
PASS c2_purchase
PASS c2_sales_kept
PASS c2_inv_kept
PASS c2_acc_kept
PASS c2_fis_kept
PASS c2_sale_group_kept
PASS c3_war_on
PASS c3_war_off
PASS c3_others
PASS c4_manual_on
PASS c4_manual_kept
PASS c4_inv_up
PASS c4_reflect
PASS c5_has_invoice
PAY_DOC {"group": "account.group_account_invoice", "can": ["registrar facturas", "registrar cobros", "registrar pagos", "aplicar pagos"], "cannot_segregate": true, "also_grants": ["cobros", "pagos", "aplicar"], "bank_separate": "account.group_validate_bank_account"}
PASS c5_payment_create_acl
PASS c5_bank
PASS c6_fiscal_admin
PASS c6_no_stock
PASS c6_no_purchase
PASS c6_no_system
PASS c7_companies
PASS c7_count
PASS c7_sync
PASS c7_company_id
PASS c8_admin_login
PASS c8_admin_companies
PASS c8_admin_system
c8_lost_groups 0
PASS c8_admin_no_wipe
PASS c8_lost_small
PASS c9_sales_none
PASS c9_no_sale
PASS c9_no_purchase
PASS c9_no_stock
PASS c9_no_account_mgr
PASS fields_jx
PASS no_old_nav
PASS view_modules
PASS view_no_area_radio
PASS view_advanced_warning
PASS no_owned_security
PASS summary
PASSED_BEFORE_ROLLBACK 47 FAILS 0
PASS counts_unchanged
PASS hist_users_unchanged
PASS company_rel_unchanged
PASS implied_unchanged
PASS acl_unchanged
PASS rules_unchanged
PASS version
TOTAL_PASS 54
TOTAL_FAIL 0
UAT_RC_JX_PASS
