2026-07-02 04:27:23,951 1 WARNING ? odoo.tools.config: option logfile reads 'False' in the config file at /etc/odoo/odoo.conf but isn't a boolean option, skip 
2026-07-02 04:27:23,951 1 WARNING ? odoo.tools.config: option logfile reads 'False' in the config file at /etc/odoo/odoo.conf but isn't a boolean option, skip 
2026-07-02 04:27:23,951 1 INFO ? odoo: Odoo version 19.0-20260619 
2026-07-02 04:27:23,951 1 INFO ? odoo: Using configuration file at /etc/odoo/odoo.conf 
2026-07-02 04:27:23,951 1 INFO ? odoo: addons paths: _NamespacePath(['/usr/lib/python3/dist-packages/odoo/addons', '/var/lib/odoo/addons/19.0', '/mnt/enterprise/addons', '/mnt/custom', '/usr/lib/python3/dist-packages/addons']) 
2026-07-02 04:27:23,951 1 INFO ? odoo: database: odoo@db:5432 
2026-07-02 04:27:24,216 1 INFO hellenia_prod odoo.modules.loading: loading 1 modules... 
2026-07-02 04:27:24,219 1 INFO hellenia_prod odoo.modules.loading: 1 modules loaded in 0.00s, 0 queries (+0 extra) 
2026-07-02 04:27:24,239 1 INFO hellenia_prod odoo.modules.loading: updating modules list 
2026-07-02 04:27:24,243 1 INFO hellenia_prod odoo.addons.base.models.ir_module: ALLOW access to module.update_list on [] to user __system__ #1 via n/a 
2026-07-02 04:27:26,128 1 INFO hellenia_prod odoo.addons.base.models.ir_module: ALLOW access to module.button_install on ['Justech Report Design'] to user __system__ #1 via n/a 
2026-07-02 04:27:26,205 1 INFO hellenia_prod odoo.modules.loading: loading 139 modules... 
2026-07-02 04:27:27,086 1 WARNING hellenia_prod odoo.registry: Model attribute '_sql_constraints' is no longer supported, please define models.Constraint on the model. 
2026-07-02 04:27:27,172 1 WARNING hellenia_prod odoo.registry: Model attribute '_sql_constraints' is no longer supported, please define models.Constraint on the model. 
2026-07-02 04:27:27,222 1 WARNING hellenia_prod odoo.registry: Model attribute '_sql_constraints' is no longer supported, please define models.Constraint on the model. 
2026-07-02 04:27:27,253 1 INFO hellenia_prod odoo.modules.loading: Loading module justech_report_design (139/139) 
2026-07-02 04:27:27,354 1 WARNING hellenia_prod odoo.fields: justech.do.fiscal.report.state: selection=[('draft', 'Borrador'), ('validated', 'Validado'), ('pending_approval', 'Requiere aprobación'), ('approved', 'Aprobado'), ('rejected', 'Rechazado'), ('generated', 'Generado'), ('done', 'Generado')] overrides existing selection; use selection_add instead 
2026-07-02 04:27:27,425 1 INFO hellenia_prod odoo.registry: module justech_report_design: creating or updating database tables 
2026-07-02 04:27:27,485 1 INFO hellenia_prod odoo.modules.loading: loading justech_report_design/data/paperformat_data.xml 
2026-07-02 04:27:27,514 1 INFO hellenia_prod odoo.modules.loading: loading justech_report_design/views/sale_order_views.xml 
2026-07-02 04:27:27,546 1 INFO hellenia_prod odoo.modules.loading: loading justech_report_design/report/quotation/hellenia_quotation_template.xml 
2026-07-02 04:27:27,557 1 INFO hellenia_prod odoo.modules.loading: loading justech_report_design/data/report_action_data.xml 
2026-07-02 04:27:27,567 1 INFO hellenia_prod odoo.addons.base.models.ir_module: module justech_report_design: no translation for language es_DO 
2026-07-02 04:27:27,567 1 INFO hellenia_prod odoo.addons.base.models.ir_module: module justech_report_design: no translation for language es_419 
2026-07-02 04:27:27,579 1 INFO hellenia_prod odoo.modules.loading: Module justech_report_design loaded in 0.33s, 102 queries (+102 other) 
2026-07-02 04:27:27,579 1 INFO hellenia_prod odoo.modules.loading: 139 modules loaded in 1.37s, 102 queries (+102 extra) 
2026-07-02 04:27:27,647 1 WARNING hellenia_prod odoo.fields: justech.do.fiscal.report.state: selection=[('draft', 'Borrador'), ('validated', 'Validado'), ('pending_approval', 'Requiere aprobación'), ('approved', 'Aprobado'), ('rejected', 'Rechazado'), ('generated', 'Generado'), ('done', 'Generado')] overrides existing selection; use selection_add instead 
2026-07-02 04:27:28,908 1 INFO hellenia_prod odoo.modules.loading: Modules loaded. 
2026-07-02 04:27:28,924 1 INFO hellenia_prod odoo.registry: Registry changed, signaling through the database 
2026-07-02 04:27:28,925 1 INFO hellenia_prod odoo.registry: Registry loaded in 4.749s 
2026-07-02 04:27:28,925 1 INFO hellenia_prod odoo.service.server: Stopping workers gracefully 
