2026-07-07 13:55:27,732 599 WARNING ? odoo.tools.config: option logfile reads 'False' in the config file at /etc/odoo/odoo.conf but isn't a boolean option, skip 
2026-07-07 13:55:27,732 599 WARNING ? odoo.tools.config: option logfile reads 'False' in the config file at /etc/odoo/odoo.conf but isn't a boolean option, skip 
2026-07-07 13:55:27,732 599 INFO ? odoo: Odoo version 19.0-20260619 
2026-07-07 13:55:27,732 599 INFO ? odoo: Using configuration file at /etc/odoo/odoo.conf 
2026-07-07 13:55:27,732 599 INFO ? odoo: addons paths: _NamespacePath(['/usr/lib/python3/dist-packages/odoo/addons', '/var/lib/odoo/addons/19.0', '/mnt/enterprise/addons', '/mnt/custom', '/usr/lib/python3/dist-packages/addons']) 
2026-07-07 13:55:27,732 599 INFO ? odoo: database: odoo@db:default 
2026-07-07 13:55:27,938 599 INFO ? odoo.service.server: Stopping workers gracefully 
2026-07-07 13:55:27,965 599 INFO hellenia_prod odoo.modules.loading: loading 1 modules... 
2026-07-07 13:55:27,967 599 INFO hellenia_prod odoo.modules.loading: 1 modules loaded in 0.00s, 0 queries (+0 extra) 
2026-07-07 13:55:27,995 599 INFO hellenia_prod odoo.modules.loading: loading 144 modules... 
2026-07-07 13:55:28,862 599 WARNING hellenia_prod odoo.registry: Model attribute '_sql_constraints' is no longer supported, please define models.Constraint on the model. 
2026-07-07 13:55:28,945 599 WARNING hellenia_prod odoo.registry: Model attribute '_sql_constraints' is no longer supported, please define models.Constraint on the model. 
2026-07-07 13:55:28,992 599 WARNING hellenia_prod odoo.registry: Model attribute '_sql_constraints' is no longer supported, please define models.Constraint on the model. 
2026-07-07 13:55:29,041 599 INFO hellenia_prod odoo.modules.loading: 144 modules loaded in 1.05s, 0 queries (+0 extra) 
2026-07-07 13:55:29,143 599 WARNING hellenia_prod odoo.fields: justech.do.fiscal.report.state: selection=[('draft', 'Borrador'), ('validated', 'Validado'), ('pending_approval', 'Requiere aprobación'), ('approved', 'Aprobado'), ('rejected', 'Rechazado'), ('generated', 'Generado'), ('done', 'Generado')] overrides existing selection; use selection_add instead 
2026-07-07 13:55:29,154 599 WARNING hellenia_prod odoo.fields: Translated stored related field (justech.audit.rule.model_description) will not be computed correctly in all languages 
2026-07-07 13:55:29,217 599 INFO hellenia_prod odoo.modules.loading: Modules loaded. 
2026-07-07 13:55:29,283 599 INFO hellenia_prod odoo.registry: Registry loaded in 1.345s 
RELEASE10:{
  "pass": true,
  "blockers": [],
  "warnings": [
    "Optional module not installed: justech_core",
    "Optional module not installed: hellenia_inventory",
    "Optional module not installed: hellenia_pos"
  ],
  "modules_installed": 13,
  "modules_required_installed": 13,
  "dgii_pass": true
}
