[2026-06-30 11:23:49] Instalando módulo justech_l10n_do_base en dev (con tests)
 Container hellenia-dev-odoo-1 Stopping 
 Container hellenia-dev-odoo-1 Stopped 
 Container hellenia-dev-db-1 Running 
 Container hellenia-dev-db-1 Waiting 
 Container hellenia-dev-db-1 Healthy 
 Container hellenia-dev-odoo-run-28486ed33328 Creating 
 Container hellenia-dev-odoo-run-28486ed33328 Created 
2026-06-30 11:23:51,572 1 DEBUG ? odoo.netsvc: logger level set: "odoo.http.rpc.request:INFO" 
2026-06-30 11:23:51,572 1 DEBUG ? odoo.netsvc: logger level set: "odoo.http.rpc.response:INFO" 
2026-06-30 11:23:51,572 1 DEBUG ? odoo.netsvc: logger level set: ":INFO" 
2026-06-30 11:23:51,572 1 DEBUG ? odoo.netsvc: logger level set: "odoo:DEBUG" 
2026-06-30 11:23:51,572 1 DEBUG ? odoo.netsvc: logger level set: "odoo.sql_db:INFO" 
2026-06-30 11:23:51,572 1 DEBUG ? odoo.netsvc: logger level set: ":INFO" 
2026-06-30 11:23:51,573 1 WARNING ? odoo.tools.config: option logfile reads 'False' in the config file at /etc/odoo/odoo.conf but isn't a boolean option, skip 
2026-06-30 11:23:51,573 1 WARNING ? odoo.tools.config: option logfile reads 'False' in the config file at /etc/odoo/odoo.conf but isn't a boolean option, skip 
2026-06-30 11:23:51,573 1 WARNING ? odoo.tools.config: missing --http-interface/http_interface, using 0.0.0.0 by default, will change to 127.0.0.1 in 20.0 
2026-06-30 11:23:51,573 1 INFO ? odoo: Odoo version 19.0-20260619 
2026-06-30 11:23:51,573 1 INFO ? odoo: Using configuration file at /etc/odoo/odoo.conf 
2026-06-30 11:23:51,573 1 INFO ? odoo: addons paths: _NamespacePath(['/usr/lib/python3/dist-packages/odoo/addons', '/var/lib/odoo/addons/19.0', '/opt/odoo/enterprise/addons', '/opt/odoo/custom', '/usr/lib/python3/dist-packages/addons']) 
2026-06-30 11:23:51,573 1 INFO ? odoo: database: odoo@db:5432 
2026-06-30 11:23:51,798 1 DEBUG ? odoo.service.server: Setting signal handlers 
2026-06-30 11:23:51,799 1 INFO ? odoo.service.server: HTTP service (werkzeug) running on d3215b982a6a:8069 
2026-06-30 11:23:51,827 1 INFO hellenia_dev odoo.tests.common: Importing test framework 
Stack (most recent call last):
  File "/usr/bin/odoo", line 6, in <module>
    odoo.cli.main()
  File "/usr/lib/python3/dist-packages/odoo/cli/command.py", line 133, in main
    command().run(args)
  File "/usr/lib/python3/dist-packages/odoo/cli/server.py", line 127, in run
    main(args)
  File "/usr/lib/python3/dist-packages/odoo/cli/server.py", line 118, in main
    rc = server.start(preload=config['db_name'], stop=stop)
  File "/usr/lib/python3/dist-packages/odoo/service/server.py", line 1636, in start
    rc = server.run(preload, stop)
  File "/usr/lib/python3/dist-packages/odoo/service/server.py", line 691, in run
    rc = preload_registries(preload)
  File "/usr/lib/python3/dist-packages/odoo/service/server.py", line 1550, in preload_registries
    registry = Registry.new(dbname, update_module=update_module, install_modules=config['init'], upgrade_modules=config['update'], reinit_modules=config['reinit'])
  File "/usr/lib/python3/dist-packages/odoo/tools/func.py", line 88, in locked
    return func(inst, *args, **kwargs)
  File "/usr/lib/python3/dist-packages/odoo/orm/registry.py", line 148, in new
    registry.init(db_name)
  File "/usr/lib/python3/dist-packages/odoo/orm/registry.py", line 227, in init
    from odoo.tests.result import OdooTestResult  # noqa: PLC0415
  File "<frozen importlib._bootstrap>", line 1360, in _find_and_load
  File "<frozen importlib._bootstrap>", line 1310, in _find_and_load_unlocked
  File "<frozen importlib._bootstrap>", line 488, in _call_with_frames_removed
  File "<frozen importlib._bootstrap>", line 1360, in _find_and_load
  File "<frozen importlib._bootstrap>", line 1331, in _find_and_load_unlocked
  File "<frozen importlib._bootstrap>", line 935, in _load_unlocked
  File "<frozen importlib._bootstrap_external>", line 995, in exec_module
  File "<frozen importlib._bootstrap>", line 488, in _call_with_frames_removed
  File "/usr/lib/python3/dist-packages/odoo/tests/__init__.py", line 8, in <module>
    from . import common
  File "<frozen importlib._bootstrap>", line 1415, in _handle_fromlist
  File "<frozen importlib._bootstrap>", line 488, in _call_with_frames_removed
  File "<frozen importlib._bootstrap>", line 1360, in _find_and_load
  File "<frozen importlib._bootstrap>", line 1331, in _find_and_load_unlocked
  File "<frozen importlib._bootstrap>", line 935, in _load_unlocked
  File "<frozen importlib._bootstrap_external>", line 995, in exec_module
  File "<frozen importlib._bootstrap>", line 488, in _call_with_frames_removed
  File "/usr/lib/python3/dist-packages/odoo/tests/common.py", line 89, in <module>
    _logger.info("Importing test framework", stack_info=_logger.isEnabledFor(logging.DEBUG))
2026-06-30 11:23:51,849 1 DEBUG hellenia_dev odoo.registry: Multiprocess load registry signaling: [Registry: 21] [Cache default: 1] [Cache assets: 1] [Cache stable: 2] [Cache templates: 1] [Cache routing: 1] [Cache groups: 1] 
2026-06-30 11:23:51,868 1 INFO hellenia_dev odoo.modules.loading: loading 1 modules... 
2026-06-30 11:23:51,868 1 DEBUG hellenia_dev odoo.modules.loading: Loading module base (1/1) 
2026-06-30 11:23:51,871 1 DEBUG hellenia_dev odoo.modules.loading: Module base loaded in 0.00s, 0 queries 
2026-06-30 11:23:51,871 1 INFO hellenia_dev odoo.modules.loading: 1 modules loaded in 0.00s, 0 queries (+0 extra) 
2026-06-30 11:23:51,892 1 INFO hellenia_dev odoo.modules.loading: updating modules list 
2026-06-30 11:23:51,896 1 INFO hellenia_dev odoo.addons.base.models.ir_module: ALLOW access to module.update_list on [] to user __system__ #1 via n/a 
2026-06-30 11:23:53,818 1 INFO hellenia_dev odoo.addons.base.models.ir_module: ALLOW access to module.button_install on ['Justech Dominican Fiscal Base'] to user __system__ #1 via n/a 
2026-06-30 11:23:53,891 1 DEBUG hellenia_dev odoo.modules.loading: Updating graph with 109 more modules 
2026-06-30 11:23:53,892 1 INFO hellenia_dev odoo.modules.loading: loading 110 modules... 
2026-06-30 11:23:53,892 1 DEBUG hellenia_dev odoo.modules.loading: Loading module rpc (2/110) 
2026-06-30 11:23:53,892 1 DEBUG hellenia_dev odoo.modules.loading: Module rpc loaded in 0.00s, 0 queries 
2026-06-30 11:23:53,892 1 DEBUG hellenia_dev odoo.modules.loading: Loading module uom (3/110) 
2026-06-30 11:23:53,893 1 DEBUG hellenia_dev odoo.modules.loading: Module uom loaded in 0.00s, 0 queries 
2026-06-30 11:23:53,893 1 DEBUG hellenia_dev odoo.modules.loading: Loading module web (4/110) 
2026-06-30 11:23:53,895 1 DEBUG hellenia_dev odoo.modules.loading: Module web loaded in 0.00s, 0 queries 
2026-06-30 11:23:53,895 1 DEBUG hellenia_dev odoo.modules.loading: Loading module api_doc (5/110) 
2026-06-30 11:23:53,897 1 DEBUG hellenia_dev odoo.modules.loading: Module api_doc loaded in 0.00s, 0 queries 
2026-06-30 11:23:53,897 1 DEBUG hellenia_dev odoo.modules.loading: Loading module auth_totp (6/110) 
2026-06-30 11:23:53,905 1 DEBUG hellenia_dev odoo.modules.loading: Module auth_totp loaded in 0.01s, 0 queries 
2026-06-30 11:23:53,905 1 DEBUG hellenia_dev odoo.modules.loading: Loading module barcodes (7/110) 
2026-06-30 11:23:53,907 1 DEBUG hellenia_dev odoo.modules.loading: Module barcodes loaded in 0.00s, 0 queries 
2026-06-30 11:23:53,907 1 DEBUG hellenia_dev odoo.modules.loading: Loading module base_import (8/110) 
2026-06-30 11:23:53,909 1 DEBUG hellenia_dev odoo.modules.loading: Module base_import loaded in 0.00s, 0 queries 
2026-06-30 11:23:53,909 1 DEBUG hellenia_dev odoo.modules.loading: Loading module base_import_module (9/110) 
2026-06-30 11:23:53,912 1 DEBUG hellenia_dev odoo.modules.loading: Module base_import_module loaded in 0.00s, 0 queries 
2026-06-30 11:23:53,912 1 DEBUG hellenia_dev odoo.modules.loading: Loading module base_setup (10/110) 
2026-06-30 11:23:53,913 1 DEBUG hellenia_dev odoo.modules.loading: Module base_setup loaded in 0.00s, 0 queries 
2026-06-30 11:23:53,914 1 DEBUG hellenia_dev odoo.modules.loading: Loading module bus (11/110) 
2026-06-30 11:23:53,920 1 DEBUG hellenia_dev odoo.modules.loading: Module bus loaded in 0.01s, 0 queries 
2026-06-30 11:23:53,920 1 DEBUG hellenia_dev odoo.modules.loading: Loading module http_routing (12/110) 
2026-06-30 11:23:53,922 1 DEBUG hellenia_dev odoo.modules.loading: Module http_routing loaded in 0.00s, 0 queries 
2026-06-30 11:23:53,922 1 DEBUG hellenia_dev odoo.modules.loading: Loading module onboarding (13/110) 
2026-06-30 11:23:53,924 1 DEBUG hellenia_dev odoo.modules.loading: Module onboarding loaded in 0.00s, 0 queries 
2026-06-30 11:23:53,924 1 DEBUG hellenia_dev odoo.modules.loading: Loading module resource (14/110) 
2026-06-30 11:23:53,927 1 DEBUG hellenia_dev odoo.modules.loading: Module resource loaded in 0.00s, 0 queries 
2026-06-30 11:23:53,927 1 DEBUG hellenia_dev odoo.modules.loading: Loading module utm (15/110) 
2026-06-30 11:23:53,930 1 DEBUG hellenia_dev odoo.modules.loading: Module utm loaded in 0.00s, 0 queries 
2026-06-30 11:23:53,930 1 DEBUG hellenia_dev odoo.modules.loading: Loading module web_cohort (16/110) 
2026-06-30 11:23:53,940 1 DEBUG hellenia_dev odoo.modules.loading: Module web_cohort loaded in 0.01s, 0 queries 
2026-06-30 11:23:53,940 1 DEBUG hellenia_dev odoo.modules.loading: Loading module web_tour (17/110) 
2026-06-30 11:23:53,941 1 DEBUG hellenia_dev odoo.modules.loading: Module web_tour loaded in 0.00s, 0 queries 
2026-06-30 11:23:53,941 1 DEBUG hellenia_dev odoo.modules.loading: Loading module auth_passkey (18/110) 
2026-06-30 11:23:53,966 1 DEBUG hellenia_dev odoo.modules.loading: Module auth_passkey loaded in 0.02s, 0 queries 
2026-06-30 11:23:53,966 1 DEBUG hellenia_dev odoo.modules.loading: Loading module barcodes_gs1_nomenclature (19/110) 
2026-06-30 11:23:53,967 1 DEBUG hellenia_dev odoo.modules.loading: Module barcodes_gs1_nomenclature loaded in 0.00s, 0 queries 
2026-06-30 11:23:53,967 1 DEBUG hellenia_dev odoo.modules.loading: Loading module html_editor (20/110) 
2026-06-30 11:23:54,075 1 DEBUG hellenia_dev odoo.modules.loading: Module html_editor loaded in 0.11s, 0 queries 
2026-06-30 11:23:54,075 1 DEBUG hellenia_dev odoo.modules.loading: Loading module iap (21/110) 
2026-06-30 11:23:54,075 1 DEBUG hellenia_dev odoo.modules.loading: Module iap loaded in 0.00s, 0 queries 
2026-06-30 11:23:54,075 1 DEBUG hellenia_dev odoo.modules.loading: Loading module web_enterprise (22/110) 
2026-06-30 11:23:54,081 1 DEBUG hellenia_dev odoo.modules.loading: Module web_enterprise loaded in 0.01s, 0 queries 
2026-06-30 11:23:54,081 1 DEBUG hellenia_dev odoo.modules.loading: Loading module web_map (23/110) 
2026-06-30 11:23:54,087 1 DEBUG hellenia_dev odoo.modules.loading: Module web_map loaded in 0.01s, 0 queries 
2026-06-30 11:23:54,087 1 DEBUG hellenia_dev odoo.modules.loading: Loading module mail (24/110) 
2026-06-30 11:23:54,090 1 DEBUG hellenia_dev odoo.modules.loading: Module mail loaded in 0.00s, 0 queries 
2026-06-30 11:23:54,090 1 DEBUG hellenia_dev odoo.modules.loading: Loading module web_mobile (25/110) 
2026-06-30 11:23:54,092 1 DEBUG hellenia_dev odoo.modules.loading: Module web_mobile loaded in 0.00s, 0 queries 
2026-06-30 11:23:54,092 1 DEBUG hellenia_dev odoo.modules.loading: Loading module web_unsplash (26/110) 
2026-06-30 11:23:54,094 1 DEBUG hellenia_dev odoo.modules.loading: Module web_unsplash loaded in 0.00s, 0 queries 
2026-06-30 11:23:54,094 1 DEBUG hellenia_dev odoo.modules.loading: Loading module ai_auto_install (27/110) 
2026-06-30 11:23:54,151 1 DEBUG hellenia_dev odoo.modules.loading: Module ai_auto_install loaded in 0.06s, 0 queries 
2026-06-30 11:23:54,151 1 DEBUG hellenia_dev odoo.modules.loading: Loading module analytic (28/110) 
2026-06-30 11:23:54,154 1 DEBUG hellenia_dev odoo.modules.loading: Module analytic loaded in 0.00s, 0 queries 
2026-06-30 11:23:54,154 1 DEBUG hellenia_dev odoo.modules.loading: Loading module auth_signup (29/110) 
2026-06-30 11:23:54,156 1 DEBUG hellenia_dev odoo.modules.loading: Module auth_signup loaded in 0.00s, 0 queries 
2026-06-30 11:23:54,156 1 DEBUG hellenia_dev odoo.modules.loading: Loading module auth_totp_mail (30/110) 
2026-06-30 11:23:54,157 1 DEBUG hellenia_dev odoo.modules.loading: Module auth_totp_mail loaded in 0.00s, 0 queries 
2026-06-30 11:23:54,157 1 DEBUG hellenia_dev odoo.modules.loading: Loading module base_install_request (31/110) 
2026-06-30 11:23:54,158 1 DEBUG hellenia_dev odoo.modules.loading: Module base_install_request loaded in 0.00s, 0 queries 
2026-06-30 11:23:54,158 1 DEBUG hellenia_dev odoo.modules.loading: Loading module contacts (32/110) 
2026-06-30 11:23:54,159 1 DEBUG hellenia_dev odoo.modules.loading: Module contacts loaded in 0.00s, 0 queries 
2026-06-30 11:23:54,159 1 DEBUG hellenia_dev odoo.modules.loading: Loading module google_gmail (33/110) 
2026-06-30 11:23:54,161 1 DEBUG hellenia_dev odoo.modules.loading: Module google_gmail loaded in 0.00s, 0 queries 
2026-06-30 11:23:54,161 1 DEBUG hellenia_dev odoo.modules.loading: Loading module iap_mail (34/110) 
2026-06-30 11:23:54,162 1 DEBUG hellenia_dev odoo.modules.loading: Module iap_mail loaded in 0.00s, 0 queries 
2026-06-30 11:23:54,162 1 DEBUG hellenia_dev odoo.modules.loading: Loading module mail_bot (35/110) 
2026-06-30 11:23:54,163 1 DEBUG hellenia_dev odoo.modules.loading: Module mail_bot loaded in 0.00s, 0 queries 
2026-06-30 11:23:54,164 1 DEBUG hellenia_dev odoo.modules.loading: Loading module mail_enterprise (36/110) 
2026-06-30 11:23:54,166 1 DEBUG hellenia_dev odoo.modules.loading: Module mail_enterprise loaded in 0.00s, 0 queries 
2026-06-30 11:23:54,166 1 DEBUG hellenia_dev odoo.modules.loading: Loading module microsoft_outlook (37/110) 
2026-06-30 11:23:54,168 1 DEBUG hellenia_dev odoo.modules.loading: Module microsoft_outlook loaded in 0.00s, 0 queries 
2026-06-30 11:23:54,168 1 DEBUG hellenia_dev odoo.modules.loading: Loading module phone_validation (38/110) 
2026-06-30 11:23:54,185 1 DEBUG hellenia_dev odoo.modules.loading: Module phone_validation loaded in 0.02s, 0 queries 
2026-06-30 11:23:54,185 1 DEBUG hellenia_dev odoo.modules.loading: Loading module privacy_lookup (39/110) 
2026-06-30 11:23:54,187 1 DEBUG hellenia_dev odoo.modules.loading: Module privacy_lookup loaded in 0.00s, 0 queries 
2026-06-30 11:23:54,187 1 DEBUG hellenia_dev odoo.modules.loading: Loading module product (40/110) 
2026-06-30 11:23:54,198 1 DEBUG hellenia_dev odoo.modules.loading: Module product loaded in 0.01s, 0 queries 
2026-06-30 11:23:54,198 1 DEBUG hellenia_dev odoo.modules.loading: Loading module resource_mail (41/110) 
2026-06-30 11:23:54,199 1 DEBUG hellenia_dev odoo.modules.loading: Module resource_mail loaded in 0.00s, 0 queries 
2026-06-30 11:23:54,199 1 DEBUG hellenia_dev odoo.modules.loading: Loading module sales_team (42/110) 
2026-06-30 11:23:54,202 1 DEBUG hellenia_dev odoo.modules.loading: Module sales_team loaded in 0.00s, 0 queries 
2026-06-30 11:23:54,202 1 DEBUG hellenia_dev odoo.modules.loading: Loading module contacts_enterprise (43/110) 
2026-06-30 11:23:54,203 1 DEBUG hellenia_dev odoo.modules.loading: Module contacts_enterprise loaded in 0.00s, 0 queries 
2026-06-30 11:23:54,204 1 DEBUG hellenia_dev odoo.modules.loading: Loading module iap_extract (44/110) 
2026-06-30 11:23:54,209 1 DEBUG hellenia_dev odoo.modules.loading: Module iap_extract loaded in 0.01s, 0 queries 
2026-06-30 11:23:54,209 1 DEBUG hellenia_dev odoo.modules.loading: Loading module mail_mobile (45/110) 
2026-06-30 11:23:54,214 1 DEBUG hellenia_dev odoo.modules.loading: Module mail_mobile loaded in 0.01s, 0 queries 
2026-06-30 11:23:54,214 1 DEBUG hellenia_dev odoo.modules.loading: Loading module partner_autocomplete (46/110) 
2026-06-30 11:23:54,219 1 DEBUG hellenia_dev odoo.modules.loading: Module partner_autocomplete loaded in 0.00s, 0 queries 
2026-06-30 11:23:54,219 1 DEBUG hellenia_dev odoo.modules.loading: Loading module portal (47/110) 
2026-06-30 11:23:54,224 1 DEBUG hellenia_dev odoo.modules.loading: Module portal loaded in 0.00s, 0 queries 
2026-06-30 11:23:54,224 1 DEBUG hellenia_dev odoo.modules.loading: Loading module product_barcodelookup (48/110) 
2026-06-30 11:23:54,233 1 DEBUG hellenia_dev odoo.modules.loading: Module product_barcodelookup loaded in 0.01s, 0 queries 
2026-06-30 11:23:54,233 1 DEBUG hellenia_dev odoo.modules.loading: Loading module sms (49/110) 
2026-06-30 11:23:54,241 1 DEBUG hellenia_dev odoo.modules.loading: Module sms loaded in 0.01s, 0 queries 
2026-06-30 11:23:54,241 1 DEBUG hellenia_dev odoo.modules.loading: Loading module snailmail (50/110) 
2026-06-30 11:23:54,297 1 DEBUG hellenia_dev odoo.modules.loading: Module snailmail loaded in 0.06s, 0 queries 
2026-06-30 11:23:54,297 1 DEBUG hellenia_dev odoo.modules.loading: Loading module auth_passkey_portal (51/110) 
2026-06-30 11:23:54,297 1 DEBUG hellenia_dev odoo.modules.loading: Module auth_passkey_portal loaded in 0.00s, 0 queries 
2026-06-30 11:23:54,297 1 DEBUG hellenia_dev odoo.modules.loading: Loading module auth_totp_portal (52/110) 
2026-06-30 11:23:54,298 1 DEBUG hellenia_dev odoo.modules.loading: Module auth_totp_portal loaded in 0.00s, 0 queries 
2026-06-30 11:23:54,298 1 DEBUG hellenia_dev odoo.modules.loading: Loading module digest (53/110) 
2026-06-30 11:23:54,300 1 DEBUG hellenia_dev odoo.modules.loading: Module digest loaded in 0.00s, 0 queries 
2026-06-30 11:23:54,300 1 DEBUG hellenia_dev odoo.modules.loading: Loading module payment (54/110) 
2026-06-30 11:23:54,310 1 DEBUG hellenia_dev odoo.modules.loading: Module payment loaded in 0.01s, 0 queries 
2026-06-30 11:23:54,310 1 DEBUG hellenia_dev odoo.modules.loading: Loading module spreadsheet (55/110) 
2026-06-30 11:23:54,313 1 DEBUG hellenia_dev odoo.modules.loading: Module spreadsheet loaded in 0.00s, 0 queries 
2026-06-30 11:23:54,313 1 DEBUG hellenia_dev odoo.modules.loading: Loading module account (56/110) 
2026-06-30 11:23:54,357 1 DEBUG hellenia_dev odoo.modules.loading: Module account loaded in 0.04s, 0 queries 
2026-06-30 11:23:54,357 1 DEBUG hellenia_dev odoo.modules.loading: Loading module digest_enterprise (57/110) 
2026-06-30 11:23:54,358 1 DEBUG hellenia_dev odoo.modules.loading: Module digest_enterprise loaded in 0.00s, 0 queries 
2026-06-30 11:23:54,358 1 DEBUG hellenia_dev odoo.modules.loading: Loading module spreadsheet_dashboard (58/110) 
2026-06-30 11:23:54,360 1 DEBUG hellenia_dev odoo.modules.loading: Module spreadsheet_dashboard loaded in 0.00s, 0 queries 
2026-06-30 11:23:54,360 1 DEBUG hellenia_dev odoo.modules.loading: Loading module spreadsheet_edition (59/110) 
2026-06-30 11:23:54,371 1 DEBUG hellenia_dev odoo.modules.loading: Module spreadsheet_edition loaded in 0.01s, 0 queries 
2026-06-30 11:23:54,371 1 DEBUG hellenia_dev odoo.modules.loading: Loading module stock (60/110) 
2026-06-30 11:23:54,395 1 DEBUG hellenia_dev odoo.modules.loading: Module stock loaded in 0.02s, 0 queries 
2026-06-30 11:23:54,395 1 DEBUG hellenia_dev odoo.modules.loading: Loading module account_accountant (61/110) 
2026-06-30 11:23:54,437 1 DEBUG hellenia_dev odoo.modules.loading: Module account_accountant loaded in 0.04s, 0 queries 
2026-06-30 11:23:54,437 1 DEBUG hellenia_dev odoo.modules.loading: Loading module account_add_gln (62/110) 
2026-06-30 11:23:54,438 1 DEBUG hellenia_dev odoo.modules.loading: Module account_add_gln loaded in 0.00s, 0 queries 
2026-06-30 11:23:54,438 1 DEBUG hellenia_dev odoo.modules.loading: Loading module account_check_printing (63/110) 
2026-06-30 11:23:54,440 1 DEBUG hellenia_dev odoo.modules.loading: Module account_check_printing loaded in 0.00s, 0 queries 
2026-06-30 11:23:54,440 1 DEBUG hellenia_dev odoo.modules.loading: Loading module account_debit_note (64/110) 
2026-06-30 11:23:54,442 1 DEBUG hellenia_dev odoo.modules.loading: Module account_debit_note loaded in 0.00s, 0 queries 
2026-06-30 11:23:54,442 1 DEBUG hellenia_dev odoo.modules.loading: Loading module account_edi_ubl_cii (65/110) 
2026-06-30 11:23:54,452 1 DEBUG hellenia_dev odoo.modules.loading: Module account_edi_ubl_cii loaded in 0.01s, 0 queries 
2026-06-30 11:23:54,452 1 DEBUG hellenia_dev odoo.modules.loading: Loading module account_payment (66/110) 
2026-06-30 11:23:54,456 1 DEBUG hellenia_dev odoo.modules.loading: Module account_payment loaded in 0.00s, 0 queries 
2026-06-30 11:23:54,456 1 DEBUG hellenia_dev odoo.modules.loading: Loading module base_iban (67/110) 
2026-06-30 11:23:54,457 1 DEBUG hellenia_dev odoo.modules.loading: Module base_iban loaded in 0.00s, 0 queries 
2026-06-30 11:23:54,457 1 DEBUG hellenia_dev odoo.modules.loading: Loading module currency_rate_live (68/110) 
2026-06-30 11:23:54,491 1 DEBUG hellenia_dev odoo.modules.loading: Module currency_rate_live loaded in 0.03s, 0 queries 
2026-06-30 11:23:54,491 1 DEBUG hellenia_dev odoo.modules.loading: Loading module purchase (69/110) 
2026-06-30 11:23:54,499 1 DEBUG hellenia_dev odoo.modules.loading: Module purchase loaded in 0.01s, 0 queries 
2026-06-30 11:23:54,499 1 DEBUG hellenia_dev odoo.modules.loading: Loading module snailmail_account (70/110) 
2026-06-30 11:23:54,501 1 DEBUG hellenia_dev odoo.modules.loading: Module snailmail_account loaded in 0.00s, 0 queries 
2026-06-30 11:23:54,501 1 DEBUG hellenia_dev odoo.modules.loading: Loading module spreadsheet_account (71/110) 
2026-06-30 11:23:54,502 1 DEBUG hellenia_dev odoo.modules.loading: Module spreadsheet_account loaded in 0.00s, 0 queries 
2026-06-30 11:23:54,502 1 DEBUG hellenia_dev odoo.modules.loading: Loading module spreadsheet_dashboard_account (72/110) 
2026-06-30 11:23:54,502 1 DEBUG hellenia_dev odoo.modules.loading: Module spreadsheet_dashboard_account loaded in 0.00s, 0 queries 
2026-06-30 11:23:54,502 1 DEBUG hellenia_dev odoo.modules.loading: Loading module spreadsheet_dashboard_edition (73/110) 
2026-06-30 11:23:54,506 1 DEBUG hellenia_dev odoo.modules.loading: Module spreadsheet_dashboard_edition loaded in 0.00s, 0 queries 
2026-06-30 11:23:54,506 1 DEBUG hellenia_dev odoo.modules.loading: Loading module stock_account (74/110) 
2026-06-30 11:23:54,512 1 DEBUG hellenia_dev odoo.modules.loading: Module stock_account loaded in 0.01s, 0 queries 
2026-06-30 11:23:54,513 1 DEBUG hellenia_dev odoo.modules.loading: Loading module stock_enterprise (75/110) 
2026-06-30 11:23:54,517 1 DEBUG hellenia_dev odoo.modules.loading: Module stock_enterprise loaded in 0.00s, 0 queries 
2026-06-30 11:23:54,517 1 DEBUG hellenia_dev odoo.modules.loading: Loading module stock_sms (76/110) 
2026-06-30 11:23:54,519 1 DEBUG hellenia_dev odoo.modules.loading: Module stock_sms loaded in 0.00s, 0 queries 
2026-06-30 11:23:54,519 1 DEBUG hellenia_dev odoo.modules.loading: Loading module account_accountant_check_printing (77/110) 
2026-06-30 11:23:54,521 1 DEBUG hellenia_dev odoo.modules.loading: Module account_accountant_check_printing loaded in 0.00s, 0 queries 
2026-06-30 11:23:54,521 1 DEBUG hellenia_dev odoo.modules.loading: Loading module account_bank_statement_import (78/110) 
2026-06-30 11:23:54,526 1 DEBUG hellenia_dev odoo.modules.loading: Module account_bank_statement_import loaded in 0.01s, 0 queries 
2026-06-30 11:23:54,526 1 DEBUG hellenia_dev odoo.modules.loading: Loading module account_online_synchronization (79/110) 
2026-06-30 11:23:54,547 1 DEBUG hellenia_dev odoo.modules.loading: Module account_online_synchronization loaded in 0.02s, 0 queries 
2026-06-30 11:23:54,547 1 DEBUG hellenia_dev odoo.modules.loading: Loading module account_qr_code_sepa (80/110) 
2026-06-30 11:23:54,548 1 DEBUG hellenia_dev odoo.modules.loading: Module account_qr_code_sepa loaded in 0.00s, 0 queries 
2026-06-30 11:23:54,548 1 DEBUG hellenia_dev odoo.modules.loading: Loading module account_reports (81/110) 
2026-06-30 11:23:54,695 1 DEBUG hellenia_dev odoo.modules.loading: Module account_reports loaded in 0.15s, 0 queries 
2026-06-30 11:23:54,695 1 DEBUG hellenia_dev odoo.modules.loading: Loading module l10n_do (82/110) 
2026-06-30 11:23:54,696 1 DEBUG hellenia_dev odoo.modules.loading: Module l10n_do loaded in 0.00s, 0 queries 
2026-06-30 11:23:54,696 1 DEBUG hellenia_dev odoo.modules.loading: Loading module purchase_accountant (83/110) 
2026-06-30 11:23:54,699 1 DEBUG hellenia_dev odoo.modules.loading: Module purchase_accountant loaded in 0.00s, 0 queries 
2026-06-30 11:23:54,699 1 DEBUG hellenia_dev odoo.modules.loading: Loading module purchase_edi_ubl_bis3 (84/110) 
2026-06-30 11:23:54,700 1 DEBUG hellenia_dev odoo.modules.loading: Module purchase_edi_ubl_bis3 loaded in 0.00s, 0 queries 
2026-06-30 11:23:54,700 1 DEBUG hellenia_dev odoo.modules.loading: Loading module purchase_stock (85/110) 
2026-06-30 11:23:54,706 1 DEBUG hellenia_dev odoo.modules.loading: Module purchase_stock loaded in 0.01s, 0 queries 
2026-06-30 11:23:54,706 1 DEBUG hellenia_dev odoo.modules.loading: Loading module sale (86/110) 
2026-06-30 11:23:54,717 1 DEBUG hellenia_dev odoo.modules.loading: Module sale loaded in 0.01s, 0 queries 
2026-06-30 11:23:54,717 1 DEBUG hellenia_dev odoo.modules.loading: Loading module spreadsheet_dashboard_stock (87/110) 
2026-06-30 11:23:54,718 1 DEBUG hellenia_dev odoo.modules.loading: Module spreadsheet_dashboard_stock loaded in 0.00s, 0 queries 
2026-06-30 11:23:54,718 1 DEBUG hellenia_dev odoo.modules.loading: Loading module spreadsheet_dashboard_stock_account (88/110) 
2026-06-30 11:23:54,718 1 DEBUG hellenia_dev odoo.modules.loading: Module spreadsheet_dashboard_stock_account loaded in 0.00s, 0 queries 
2026-06-30 11:23:54,718 1 DEBUG hellenia_dev odoo.modules.loading: Loading module account_bank_statement_import_camt (89/110) 
2026-06-30 11:23:54,726 1 DEBUG hellenia_dev odoo.modules.loading: Module account_bank_statement_import_camt loaded in 0.01s, 0 queries 
2026-06-30 11:23:54,726 1 DEBUG hellenia_dev odoo.modules.loading: Loading module account_bank_statement_import_csv (90/110) 
2026-06-30 11:23:54,731 1 DEBUG hellenia_dev odoo.modules.loading: Module account_bank_statement_import_csv loaded in 0.00s, 0 queries 
2026-06-30 11:23:54,731 1 DEBUG hellenia_dev odoo.modules.loading: Loading module account_bank_statement_import_ofx (91/110) 
2026-06-30 11:23:54,734 1 DEBUG hellenia_dev odoo.modules.loading: Module account_bank_statement_import_ofx loaded in 0.00s, 0 queries 
2026-06-30 11:23:54,734 1 DEBUG hellenia_dev odoo.modules.loading: Loading module account_extract (92/110) 
2026-06-30 11:23:54,735 1 DEBUG hellenia_dev odoo.modules.loading: Module account_extract loaded in 0.00s, 0 queries 
2026-06-30 11:23:54,735 1 DEBUG hellenia_dev odoo.modules.loading: Loading module account_fiscal_categories (93/110) 
2026-06-30 11:23:54,742 1 DEBUG hellenia_dev odoo.modules.loading: Module account_fiscal_categories loaded in 0.01s, 0 queries 
2026-06-30 11:23:54,742 1 DEBUG hellenia_dev odoo.modules.loading: Loading module account_followup (94/110) 
2026-06-30 11:23:54,755 1 DEBUG hellenia_dev odoo.modules.loading: Module account_followup loaded in 0.01s, 0 queries 
2026-06-30 11:23:54,755 1 DEBUG hellenia_dev odoo.modules.loading: Loading module l10n_do_check_printing (95/110) 
2026-06-30 11:23:54,758 1 DEBUG hellenia_dev odoo.modules.loading: Module l10n_do_check_printing loaded in 0.00s, 0 queries 
2026-06-30 11:23:54,758 1 DEBUG hellenia_dev odoo.modules.loading: Loading module l10n_do_reports (96/110) 
2026-06-30 11:23:54,759 1 DEBUG hellenia_dev odoo.modules.loading: Module l10n_do_reports loaded in 0.00s, 0 queries 
2026-06-30 11:23:54,759 1 DEBUG hellenia_dev odoo.modules.loading: Loading module sale_account_accountant (97/110) 
2026-06-30 11:23:54,763 1 DEBUG hellenia_dev odoo.modules.loading: Module sale_account_accountant loaded in 0.00s, 0 queries 
2026-06-30 11:23:54,763 1 DEBUG hellenia_dev odoo.modules.loading: Loading module sale_edi_ubl (98/110) 
2026-06-30 11:23:54,764 1 DEBUG hellenia_dev odoo.modules.loading: Module sale_edi_ubl loaded in 0.00s, 0 queries 
2026-06-30 11:23:54,764 1 DEBUG hellenia_dev odoo.modules.loading: Loading module sale_enterprise (99/110) 
2026-06-30 11:23:54,765 1 DEBUG hellenia_dev odoo.modules.loading: Module sale_enterprise loaded in 0.00s, 0 queries 
2026-06-30 11:23:54,765 1 DEBUG hellenia_dev odoo.modules.loading: Loading module sale_purchase (100/110) 
2026-06-30 11:23:54,768 1 DEBUG hellenia_dev odoo.modules.loading: Module sale_purchase loaded in 0.00s, 0 queries 
2026-06-30 11:23:54,768 1 DEBUG hellenia_dev odoo.modules.loading: Loading module sale_sms (101/110) 
2026-06-30 11:23:54,768 1 DEBUG hellenia_dev odoo.modules.loading: Module sale_sms loaded in 0.00s, 0 queries 
2026-06-30 11:23:54,768 1 DEBUG hellenia_dev odoo.modules.loading: Loading module sale_stock (102/110) 
2026-06-30 11:23:54,773 1 DEBUG hellenia_dev odoo.modules.loading: Module sale_stock loaded in 0.00s, 0 queries 
2026-06-30 11:23:54,773 1 DEBUG hellenia_dev odoo.modules.loading: Loading module spreadsheet_dashboard_purchase_stock (103/110) 
2026-06-30 11:23:54,774 1 DEBUG hellenia_dev odoo.modules.loading: Module spreadsheet_dashboard_purchase_stock loaded in 0.00s, 0 queries 
2026-06-30 11:23:54,774 1 DEBUG hellenia_dev odoo.modules.loading: Loading module spreadsheet_dashboard_sale (104/110) 
2026-06-30 11:23:54,774 1 DEBUG hellenia_dev odoo.modules.loading: Module spreadsheet_dashboard_sale loaded in 0.00s, 0 queries 
2026-06-30 11:23:54,774 1 DEBUG hellenia_dev odoo.modules.loading: Loading module stock_accountant (105/110) 
2026-06-30 11:23:54,777 1 DEBUG hellenia_dev odoo.modules.loading: Module stock_accountant loaded in 0.00s, 0 queries 
2026-06-30 11:23:54,777 1 DEBUG hellenia_dev odoo.modules.loading: Loading module account_invoice_extract (106/110) 
2026-06-30 11:23:54,787 1 DEBUG hellenia_dev odoo.modules.loading: Module account_invoice_extract loaded in 0.01s, 0 queries 
2026-06-30 11:23:54,787 1 DEBUG hellenia_dev odoo.modules.loading: Loading module sale_purchase_stock (107/110) 
2026-06-30 11:23:54,789 1 DEBUG hellenia_dev odoo.modules.loading: Module sale_purchase_stock loaded in 0.00s, 0 queries 
2026-06-30 11:23:54,789 1 DEBUG hellenia_dev odoo.modules.loading: Loading module snailmail_account_followup (108/110) 
2026-06-30 11:23:54,794 1 DEBUG hellenia_dev odoo.modules.loading: Module snailmail_account_followup loaded in 0.01s, 0 queries 
2026-06-30 11:23:54,794 1 DEBUG hellenia_dev odoo.modules.loading: Loading module account_invoice_extract_purchase (109/110) 
2026-06-30 11:23:54,796 1 DEBUG hellenia_dev odoo.modules.loading: Module account_invoice_extract_purchase loaded in 0.00s, 0 queries 
2026-06-30 11:23:54,796 1 INFO hellenia_dev odoo.modules.loading: Loading module justech_l10n_do_base (110/110) 
2026-06-30 11:23:54,799 1 WARNING hellenia_dev odoo.registry: Model attribute '_sql_constraints' is no longer supported, please define models.Constraint on the model. 
2026-06-30 11:23:54,839 1 DEBUG hellenia_dev odoo.registry: Patching res.partner.bank.partner_country_name with translate=True 
2026-06-30 11:23:54,839 1 DEBUG hellenia_dev odoo.registry: Patching res.config.settings.report_footer with translate=True 
2026-06-30 11:23:54,839 1 DEBUG hellenia_dev odoo.registry: Patching res.config.settings.invoice_terms with translate=True 
2026-06-30 11:23:54,839 1 DEBUG hellenia_dev odoo.registry: Patching res.config.settings.invoice_terms_html with translate=True 
2026-06-30 11:23:54,845 1 DEBUG hellenia_dev odoo.registry: Patching base.document.layout.report_header with translate=True 
2026-06-30 11:23:54,845 1 DEBUG hellenia_dev odoo.registry: Patching base.document.layout.report_footer with translate=True 
2026-06-30 11:23:54,845 1 DEBUG hellenia_dev odoo.registry: Patching base.document.layout.company_details with translate=True 
2026-06-30 11:23:54,847 1 DEBUG hellenia_dev odoo.registry: Patching iap.account.description with translate=True 
2026-06-30 11:23:54,853 1 DEBUG hellenia_dev odoo.registry: Patching product.template.uom_name with translate=True 
2026-06-30 11:23:54,855 1 DEBUG hellenia_dev odoo.registry: Patching product.pricelist.item.product_uom_name with translate=True 
2026-06-30 11:23:54,855 1 DEBUG hellenia_dev odoo.registry: Patching product.template.attribute.value.name with translate=True 
2026-06-30 11:23:54,861 1 DEBUG hellenia_dev odoo.registry: Patching account.move.line.account_name with translate=True 
2026-06-30 11:23:54,864 1 DEBUG hellenia_dev odoo.registry: Patching account.report.expression.report_line_name with translate=True 
2026-06-30 11:23:54,865 1 DEBUG hellenia_dev odoo.registry: Patching account.financial.year.op.vat_label with translate=True 
2026-06-30 11:23:54,866 1 DEBUG hellenia_dev odoo.registry: Patching spreadsheet.dashboard.share.name with translate=True 
2026-06-30 11:23:54,870 1 DEBUG hellenia_dev odoo.registry: Patching stock.replenishment.option.uom with translate=True 
2026-06-30 11:23:54,873 1 DEBUG hellenia_dev odoo.registry: Patching account.return.check.return_name with translate=True 
2026-06-30 11:23:54,930 1 INFO hellenia_dev odoo.registry: module justech_l10n_do_base: creating or updating database tables 
2026-06-30 11:23:54,937 1 DEBUG hellenia_dev odoo.schema: Table 'justech_do_fiscal_document_type': created 
2026-06-30 11:23:54,952 1 DEBUG hellenia_dev odoo.schema: Table 'res_company': added column 'justech_do_ncf_alert_days' of type int4 
2026-06-30 11:23:54,953 1 DEBUG hellenia_dev odoo.models: Table 'res_company': setting default value of new column justech_do_ncf_alert_days to 30 
2026-06-30 11:23:54,957 1 DEBUG hellenia_dev odoo.schema: Table 'res_company': added column 'justech_do_fiscal_enabled' of type bool 
2026-06-30 11:23:54,958 1 DEBUG hellenia_dev odoo.models: Table 'res_company': setting default value of new column justech_do_fiscal_enabled to True 
2026-06-30 11:23:54,978 1 DEBUG hellenia_dev odoo.schema: Table 'res_partner': added column 'justech_do_rnc_valid' of type bool 
2026-06-30 11:23:54,979 1 INFO hellenia_dev odoo.models: Prepare computation of res.partner.justech_do_rnc_valid 
2026-06-30 11:23:54,990 1 DEBUG hellenia_dev odoo.schema: Create table 'account_journal_justech_do_fiscal_document_type_rel': m2m relation between 'account_journal' and 'justech_do_fiscal_document_type' 
2026-06-30 11:23:54,991 1 DEBUG hellenia_dev odoo.schema: Table 'account_journal': added column 'justech_do_default_document_type_id' of type int4 
2026-06-30 11:23:54,992 1 DEBUG hellenia_dev odoo.schema: Table 'account_journal': added column 'justech_do_use_ncf' of type bool 
2026-06-30 11:23:55,105 1 DEBUG hellenia_dev odoo.schema: Table 'justech_do_fiscal_document_type': added foreign key 'company_id' references 'res_company'('id') ON DELETE set null 
2026-06-30 11:23:55,111 1 DEBUG hellenia_dev odoo.schema: Table 'justech_do_fiscal_document_type': added foreign key 'create_uid' references 'res_users'('id') ON DELETE set null 
2026-06-30 11:23:55,116 1 DEBUG hellenia_dev odoo.schema: Table 'justech_do_fiscal_document_type': added foreign key 'write_uid' references 'res_users'('id') ON DELETE set null 
2026-06-30 11:23:55,121 1 DEBUG hellenia_dev odoo.schema: Table 'account_journal_justech_do_fiscal_document_type_rel': added foreign key 'account_journal_id' references 'account_journal'('id') ON DELETE cascade 
2026-06-30 11:23:55,124 1 DEBUG hellenia_dev odoo.schema: Table 'account_journal_justech_do_fiscal_document_type_rel': added foreign key 'justech_do_fiscal_document_type_id' references 'justech_do_fiscal_document_type'('id') ON DELETE cascade 
2026-06-30 11:23:55,127 1 DEBUG hellenia_dev odoo.schema: Table 'account_journal': added foreign key 'justech_do_default_document_type_id' references 'justech_do_fiscal_document_type'('id') ON DELETE set null 
2026-06-30 11:23:55,148 1 INFO hellenia_dev odoo.modules.loading: loading justech_l10n_do_base/security/justech_l10n_do_security.xml 
2026-06-30 11:23:55,154 1 DEBUG hellenia_dev odoo.registry: Invalidating groups model caches from _check_disjoint_groups /usr/lib/python3/dist-packages/odoo/addons/base/models/res_groups.py:85 
2026-06-30 11:23:55,162 1 DEBUG hellenia_dev odoo.registry: Invalidating groups model caches from create /usr/lib/python3/dist-packages/odoo/addons/base/models/res_groups.py:300 
2026-06-30 11:23:55,163 1 DEBUG hellenia_dev odoo.registry: Invalidating groups model caches from _update_xmlids /usr/lib/python3/dist-packages/odoo/addons/base/models/ir_model.py:2412 
2026-06-30 11:23:55,164 1 DEBUG hellenia_dev odoo.registry: Invalidating groups model caches from _check_disjoint_groups /usr/lib/python3/dist-packages/odoo/addons/base/models/res_groups.py:85 
2026-06-30 11:23:55,168 1 DEBUG hellenia_dev odoo.registry: Invalidating groups model caches from create /usr/lib/python3/dist-packages/odoo/addons/base/models/res_groups.py:300 
2026-06-30 11:23:55,169 1 DEBUG hellenia_dev odoo.registry: Invalidating groups model caches from _update_xmlids /usr/lib/python3/dist-packages/odoo/addons/base/models/ir_model.py:2412 
2026-06-30 11:23:55,169 1 INFO hellenia_dev odoo.modules.loading: loading justech_l10n_do_base/security/ir.model.access.csv 
2026-06-30 11:23:55,656 1 DEBUG hellenia_dev odoo.registry: Invalidating stable model caches from call_cache_clearing_methods /usr/lib/python3/dist-packages/odoo/addons/base/models/ir_model.py:2192 
2026-06-30 11:23:55,660 1 INFO hellenia_dev odoo.modules.loading: loading justech_l10n_do_base/data/fiscal_document_type_data.xml 
2026-06-30 11:23:55,670 1 INFO hellenia_dev odoo.modules.loading: loading justech_l10n_do_base/views/fiscal_document_type_views.xml 
2026-06-30 11:23:55,672 1 DEBUG hellenia_dev odoo.registry: Invalidating templates model caches from create /usr/lib/python3/dist-packages/odoo/addons/base/models/ir_ui_view.py:639 
2026-06-30 11:23:55,685 1 DEBUG hellenia_dev odoo.registry: Invalidating templates model caches from create /usr/lib/python3/dist-packages/odoo/addons/base/models/ir_ui_view.py:639 
2026-06-30 11:23:55,689 1 INFO hellenia_dev odoo.modules.loading: loading justech_l10n_do_base/views/res_company_views.xml 
2026-06-30 11:23:55,691 1 DEBUG hellenia_dev odoo.registry: Invalidating templates model caches from create /usr/lib/python3/dist-packages/odoo/addons/base/models/ir_ui_view.py:639 
2026-06-30 11:23:55,698 1 INFO hellenia_dev odoo.modules.loading: loading justech_l10n_do_base/views/res_partner_views.xml 
2026-06-30 11:23:55,700 1 DEBUG hellenia_dev odoo.registry: Invalidating templates model caches from create /usr/lib/python3/dist-packages/odoo/addons/base/models/ir_ui_view.py:639 
2026-06-30 11:23:55,713 1 INFO hellenia_dev odoo.modules.loading: loading justech_l10n_do_base/views/account_journal_views.xml 
2026-06-30 11:23:55,715 1 DEBUG hellenia_dev odoo.registry: Invalidating templates model caches from create /usr/lib/python3/dist-packages/odoo/addons/base/models/ir_ui_view.py:639 
2026-06-30 11:23:55,726 1 INFO hellenia_dev odoo.modules.loading: loading justech_l10n_do_base/views/menu.xml 
2026-06-30 11:23:55,727 1 DEBUG hellenia_dev odoo.registry: Invalidating default model caches from create /usr/lib/python3/dist-packages/odoo/addons/base/models/ir_actions.py:358 
2026-06-30 11:23:55,729 1 DEBUG hellenia_dev odoo.registry: Invalidating default model caches from create /usr/lib/python3/dist-packages/odoo/addons/base/models/ir_actions.py:113 
2026-06-30 11:23:55,730 1 DEBUG hellenia_dev odoo.registry: Invalidating default model caches from create /usr/lib/python3/dist-packages/odoo/addons/base/models/ir_ui_menu.py:153 
2026-06-30 11:23:55,735 1 DEBUG hellenia_dev odoo.registry: Invalidating default model caches from create /usr/lib/python3/dist-packages/odoo/addons/base/models/ir_ui_menu.py:153 
2026-06-30 11:23:55,743 1 INFO hellenia_dev odoo.addons.base.models.ir_module: module justech_l10n_do_base: no translation for language es_DO 
2026-06-30 11:23:55,753 1 INFO hellenia_dev odoo.modules.loading: Module justech_l10n_do_base loaded in 0.96s, 297 queries (+297 other) 
2026-06-30 11:23:55,753 1 INFO hellenia_dev odoo.modules.loading: 110 modules loaded in 1.86s, 297 queries (+297 extra) 
2026-06-30 11:23:55,872 1 DEBUG hellenia_dev odoo.models: column purchase_line_id is in the table vendor_delay_report but not in the corresponding object vendor.delay.report 
2026-06-30 11:23:55,921 1 DEBUG hellenia_dev odoo.models: column password is in the table res_users but not in the corresponding object res.users 
2026-06-30 11:23:55,921 1 DEBUG hellenia_dev odoo.models: column totp_secret is in the table res_users but not in the corresponding object res.users 
2026-06-30 11:23:55,938 1 DEBUG hellenia_dev odoo.models: column web is in the table ir_module_module but not in the corresponding object ir.module.module 
2026-06-30 11:23:55,949 1 DEBUG hellenia_dev odoo.models: column index is in the table res_users_apikeys but not in the corresponding object res.users.apikeys 
2026-06-30 11:23:55,949 1 DEBUG hellenia_dev odoo.models: column key is in the table res_users_apikeys but not in the corresponding object res.users.apikeys 
2026-06-30 11:23:55,954 1 DEBUG hellenia_dev odoo.models: column index is in the table auth_totp_device but not in the corresponding object auth_totp.device 
2026-06-30 11:23:55,954 1 DEBUG hellenia_dev odoo.models: column key is in the table auth_totp_device but not in the corresponding object auth_totp.device 
2026-06-30 11:23:55,959 1 DEBUG hellenia_dev odoo.models: column public_key is in the table auth_passkey_key but not in the corresponding object auth.passkey.key 
2026-06-30 11:23:56,056 1 DEBUG hellenia_dev odoo.addons.base.models.ir_cron: Job 'Base: Auto-vacuum internal data' (1) will execute at 2026-06-30 11:24:56.029608 
2026-06-30 11:23:56,311 1 DEBUG ? odoo.http: HTTP sessions stored in: /var/lib/odoo/sessions 
2026-06-30 11:23:56,753 1 INFO hellenia_dev odoo.modules.loading: Modules loaded. 
2026-06-30 11:23:56,766 1 INFO hellenia_dev odoo.registry: Registry changed, signaling through the database 
2026-06-30 11:23:56,767 1 INFO hellenia_dev odoo.registry: Registry loaded in 4.967s 
2026-06-30 11:23:56,768 1 INFO hellenia_dev odoo.service.server: Starting post tests 
2026-06-30 11:23:56,769 1 INFO hellenia_dev odoo.addons.justech_l10n_do_base.tests.test_justech_l10n_do_base: Starting TestJustechL10nDoBase.test_document_types_loaded ... 
2026-06-30 11:23:56,770 1 INFO hellenia_dev odoo.addons.justech_l10n_do_base.tests.test_justech_l10n_do_base: Starting TestJustechL10nDoBase.test_ncf_format ... 
2026-06-30 11:23:56,773 1 INFO hellenia_dev odoo.addons.justech_l10n_do_base.tests.test_justech_l10n_do_base: Starting TestJustechL10nDoBase.test_rnc_validation ... 
2026-06-30 11:23:56,794 1 INFO hellenia_dev odoo.addons.base.models.ir_attachment: filestore gc 0 checked, 0 removed 
2026-06-30 11:23:56,795 1 INFO hellenia_dev odoo.service.server: 3 post-tests in 0.03s, 25 queries 
2026-06-30 11:23:56,795 1 DEBUG hellenia_dev odoo.tests.stats: Detailed Tests Report:
	justech_l10n_do_base: 0.03s 25 queries
	justech_l10n_do_base.test_justech_l10n_do_base.TestJustechL10nDoBase: 0.03s 25 queries
	justech_l10n_do_base.test_justech_l10n_do_base.TestJustechL10nDoBase.setUpClass: 0.00s 0 queries
	justech_l10n_do_base.test_justech_l10n_do_base.TestJustechL10nDoBase.tearDownClass: 0.01s 0 queries
	justech_l10n_do_base.test_justech_l10n_do_base.TestJustechL10nDoBase.test_document_types_loaded: 0.00s 5 queries
	justech_l10n_do_base.test_justech_l10n_do_base.TestJustechL10nDoBase.test_ncf_format: 0.00s 6 queries
	justech_l10n_do_base.test_justech_l10n_do_base.TestJustechL10nDoBase.test_rnc_validation: 0.02s 14 queries
 
2026-06-30 11:23:56,795 1 INFO hellenia_dev odoo.tests.result: 0 failed, 0 error(s) of 3 tests when loading database 'hellenia_dev' 
2026-06-30 11:23:56,795 1 INFO hellenia_dev odoo.service.server: Initiating shutdown 
2026-06-30 11:23:56,795 1 INFO hellenia_dev odoo.service.server: Hit CTRL-C again or send a second signal to force the shutdown. 
2026-06-30 11:23:56,806 1 INFO hellenia_dev odoo.addons.base.models.ir_http: Generating routing map for key None 
2026-06-30 11:23:56,817 1 DEBUG hellenia_dev odoo.service.server: on_close call <bound method Event.set of <threading.Event at 0x786ac8ce4e60: unset>> 
2026-06-30 11:23:56,818 1 DEBUG hellenia_dev odoo.service.server: on_close call <function _kick_all at 0x786ac8df31a0> 
2026-06-30 11:23:56,818 1 DEBUG hellenia_dev odoo.service.server: current thread: <_MainThread(MainThread, started 132400180875392)> 
2026-06-30 11:23:56,818 1 DEBUG hellenia_dev odoo.service.server: process <_MainThread(MainThread, started 132400180875392)> (False) 
2026-06-30 11:23:56,818 1 DEBUG hellenia_dev odoo.service.server: process <Thread(odoo.service.httpd, started daemon 132400050706112)> (True) 
2026-06-30 11:23:56,818 1 DEBUG hellenia_dev odoo.service.server: process <Thread(odoo.service.http.request.132399897654976, started 132399897654976)> (False) 
2026-06-30 11:23:56,818 1 DEBUG hellenia_dev odoo.service.server: join and sleep 
2026-06-30 11:23:56,921 1 DEBUG hellenia_dev odoo.service.server: join and sleep 
2026-06-30 11:23:56,985 1 INFO hellenia_dev werkzeug: 127.0.0.1 - - [30/Jun/2026 11:23:56] "GET /web/login HTTP/1.1" 200 - 59 0.025 0.650
2026-06-30 11:23:57,021 1 INFO hellenia_dev odoo.sql_db: ConnectionPool(read/write;used=0/count=0/max=64): Closed 1 connections  
2026-06-30 11:23:57,022 1 INFO hellenia_dev odoo.sql_db: ConnectionPool(read-only;used=0/count=0/max=64): Closed 1 connections  
2026-06-30 11:23:57,022 1 DEBUG hellenia_dev odoo.service.server: -- 
 Container hellenia-dev-db-1 Running 
 Container hellenia-dev-db-1 Waiting 
 Container hellenia-dev-db-1 Healthy 
 Container hellenia-dev-odoo-1 Starting 
 Container hellenia-dev-odoo-1 Started 
[2026-06-30 11:23:58] Módulo justech_l10n_do_base instalado
