2026-07-02 04:47:59,069 1 WARNING ? odoo.tools.config: option logfile reads 'False' in the config file at /etc/odoo/odoo.conf but isn't a boolean option, skip 
2026-07-02 04:47:59,070 1 WARNING ? odoo.tools.config: option logfile reads 'False' in the config file at /etc/odoo/odoo.conf but isn't a boolean option, skip 
2026-07-02 04:47:59,070 1 INFO ? odoo: Odoo version 19.0-20260619 
2026-07-02 04:47:59,070 1 INFO ? odoo: Using configuration file at /etc/odoo/odoo.conf 
2026-07-02 04:47:59,070 1 INFO ? odoo: addons paths: _NamespacePath(['/usr/lib/python3/dist-packages/odoo/addons', '/var/lib/odoo/addons/19.0', '/mnt/enterprise/addons', '/mnt/custom', '/usr/lib/python3/dist-packages/addons']) 
2026-07-02 04:47:59,070 1 INFO ? odoo: database: odoo@db:5432 
2026-07-02 04:47:59,363 1 INFO hellenia_prod odoo.modules.loading: loading 1 modules... 
2026-07-02 04:47:59,367 1 INFO hellenia_prod odoo.modules.loading: 1 modules loaded in 0.00s, 0 queries (+0 extra) 
2026-07-02 04:47:59,392 1 INFO hellenia_prod odoo.modules.loading: updating modules list 
2026-07-02 04:47:59,396 1 INFO hellenia_prod odoo.addons.base.models.ir_module: ALLOW access to module.update_list on [] to user __system__ #1 via n/a 
2026-07-02 04:48:01,248 1 INFO hellenia_prod odoo.addons.base.models.ir_module: ALLOW access to module.button_upgrade on ['Justech Report Design'] to user __system__ #1 via n/a 
2026-07-02 04:48:01,248 1 INFO hellenia_prod odoo.addons.base.models.ir_module: ALLOW access to module.update_list on ['Justech Report Design'] to user __system__ #1 via n/a 
2026-07-02 04:48:02,820 1 INFO hellenia_prod odoo.addons.base.models.ir_module: ALLOW access to module.button_install on [] to user __system__ #1 via n/a 
2026-07-02 04:48:02,859 1 INFO hellenia_prod odoo.modules.loading: loading 139 modules... 
2026-07-02 04:48:03,700 1 WARNING hellenia_prod odoo.registry: Model attribute '_sql_constraints' is no longer supported, please define models.Constraint on the model. 
2026-07-02 04:48:03,782 1 WARNING hellenia_prod odoo.registry: Model attribute '_sql_constraints' is no longer supported, please define models.Constraint on the model. 
2026-07-02 04:48:03,831 1 WARNING hellenia_prod odoo.registry: Model attribute '_sql_constraints' is no longer supported, please define models.Constraint on the model. 
2026-07-02 04:48:03,863 1 INFO hellenia_prod odoo.modules.loading: Loading module justech_report_design (139/139) 
2026-07-02 04:48:03,964 1 WARNING hellenia_prod odoo.fields: justech.do.fiscal.report.state: selection=[('draft', 'Borrador'), ('validated', 'Validado'), ('pending_approval', 'Requiere aprobación'), ('approved', 'Aprobado'), ('rejected', 'Rechazado'), ('generated', 'Generado'), ('done', 'Generado')] overrides existing selection; use selection_add instead 
2026-07-02 04:48:04,046 1 INFO hellenia_prod odoo.registry: module justech_report_design: creating or updating database tables 
2026-07-02 04:48:04,130 1 INFO hellenia_prod odoo.modules.loading: loading justech_report_design/data/paperformat_data.xml 
2026-07-02 04:48:04,134 1 INFO hellenia_prod odoo.modules.loading: loading justech_report_design/views/sale_order_views.xml 
2026-07-02 04:48:04,199 1 INFO hellenia_prod odoo.modules.loading: loading justech_report_design/report/quotation/hellenia_quotation_template.xml 
2026-07-02 04:48:04,216 1 INFO hellenia_prod odoo.modules.loading: loading justech_report_design/data/report_action_data.xml 
2026-07-02 04:48:04,219 1 INFO hellenia_prod odoo.modules.loading: loading justech_report_design/data/report_official_data.xml 
2026-07-02 04:48:04,231 1 INFO hellenia_prod odoo.addons.base.models.ir_module: module justech_report_design: no translation for language es_DO 
2026-07-02 04:48:04,232 1 INFO hellenia_prod odoo.addons.base.models.ir_module: module justech_report_design: no translation for language es_419 
2026-07-02 04:48:04,239 1 INFO hellenia_prod odoo.modules.loading: Module justech_report_design loaded in 0.38s, 144 queries (+144 other) 
2026-07-02 04:48:04,239 1 INFO hellenia_prod odoo.modules.loading: 139 modules loaded in 1.38s, 144 queries (+144 extra) 
2026-07-02 04:48:04,309 1 WARNING hellenia_prod odoo.fields: justech.do.fiscal.report.state: selection=[('draft', 'Borrador'), ('validated', 'Validado'), ('pending_approval', 'Requiere aprobación'), ('approved', 'Aprobado'), ('rejected', 'Rechazado'), ('generated', 'Generado'), ('done', 'Generado')] overrides existing selection; use selection_add instead 
2026-07-02 04:48:05,599 1 INFO hellenia_prod odoo.modules.loading: Modules loaded. 
2026-07-02 04:48:05,615 1 INFO hellenia_prod odoo.registry: Registry changed, signaling through the database 
2026-07-02 04:48:05,616 1 INFO hellenia_prod odoo.registry: Registry loaded in 6.296s 
2026-07-02 04:48:05,616 1 INFO hellenia_prod odoo.service.server: Stopping workers gracefully 
