2026-07-07 12:43:44,305 45 WARNING ? odoo.tools.config: option logfile reads 'False' in the config file at /etc/odoo/odoo.conf but isn't a boolean option, skip 
2026-07-07 12:43:44,305 45 WARNING ? odoo.tools.config: option logfile reads 'False' in the config file at /etc/odoo/odoo.conf but isn't a boolean option, skip 
2026-07-07 12:43:44,305 45 INFO ? odoo: Odoo version 19.0-20260619 
2026-07-07 12:43:44,305 45 INFO ? odoo: Using configuration file at /etc/odoo/odoo.conf 
2026-07-07 12:43:44,305 45 INFO ? odoo: addons paths: _NamespacePath(['/usr/lib/python3/dist-packages/odoo/addons', '/var/lib/odoo/addons/19.0', '/mnt/enterprise/addons', '/mnt/custom', '/usr/lib/python3/dist-packages/addons']) 
2026-07-07 12:43:44,305 45 INFO ? odoo: database: odoo@db:default 
2026-07-07 12:43:44,509 45 INFO ? odoo.service.server: Stopping workers gracefully 
2026-07-07 12:43:44,536 45 INFO hellenia_prod odoo.modules.loading: loading 1 modules... 
2026-07-07 12:43:44,539 45 INFO hellenia_prod odoo.modules.loading: 1 modules loaded in 0.00s, 0 queries (+0 extra) 
2026-07-07 12:43:44,569 45 INFO hellenia_prod odoo.modules.loading: loading 144 modules... 
2026-07-07 12:43:45,405 45 WARNING hellenia_prod odoo.registry: Model attribute '_sql_constraints' is no longer supported, please define models.Constraint on the model. 
2026-07-07 12:43:45,483 45 WARNING hellenia_prod odoo.registry: Model attribute '_sql_constraints' is no longer supported, please define models.Constraint on the model. 
2026-07-07 12:43:45,528 45 WARNING hellenia_prod odoo.registry: Model attribute '_sql_constraints' is no longer supported, please define models.Constraint on the model. 
2026-07-07 12:43:45,576 45 INFO hellenia_prod odoo.modules.loading: 144 modules loaded in 1.01s, 0 queries (+0 extra) 
2026-07-07 12:43:45,682 45 WARNING hellenia_prod odoo.fields: justech.do.fiscal.report.state: selection=[('draft', 'Borrador'), ('validated', 'Validado'), ('pending_approval', 'Requiere aprobación'), ('approved', 'Aprobado'), ('rejected', 'Rechazado'), ('generated', 'Generado'), ('done', 'Generado')] overrides existing selection; use selection_add instead 
2026-07-07 12:43:45,693 45 WARNING hellenia_prod odoo.fields: Translated stored related field (justech.audit.rule.model_description) will not be computed correctly in all languages 
2026-07-07 12:43:45,753 45 INFO hellenia_prod odoo.modules.loading: Modules loaded. 
2026-07-07 12:43:45,825 45 INFO hellenia_prod odoo.registry: Registry loaded in 1.316s 
2026-07-07 12:43:45,883 45 WARNING hellenia_prod py.warnings: /mnt/custom/justech_global_audit_log/models/audit_dashboard.py:43: DeprecationWarning: Since 19.0, read_group is deprecated. Please use _read_group in the backend code or formatted_read_group for a complete formatted result
  File "/usr/bin/odoo", line 6, in <module>
    odoo.cli.main()
  File "/usr/lib/python3/dist-packages/odoo/cli/command.py", line 133, in main
    command().run(args)
  File "/usr/lib/python3/dist-packages/odoo/cli/shell.py", line 162, in run
    self.shell(dbnames[0])
  File "/usr/lib/python3/dist-packages/odoo/cli/shell.py", line 148, in shell
    self.console(local_vars)
  File "/usr/lib/python3/dist-packages/odoo/cli/shell.py", line 82, in console
    exec(sys.stdin.read(), local_vars)
  File "<string>", line 17, in <module>
  File "/usr/lib/python3/dist-packages/odoo/orm/fields.py", line 1744, in __get__
    self.compute_value(recs)
  File "/usr/lib/python3/dist-packages/odoo/orm/fields.py", line 1915, in compute_value
    records._compute_field_value(self)
  File "/usr/lib/python3/dist-packages/odoo/orm/models.py", line 4952, in _compute_field_value
    determine(field.compute, self)
  File "/usr/lib/python3/dist-packages/odoo/orm/fields.py", line 81, in determine
    return needle(*args)
  File "/mnt/custom/justech_global_audit_log/models/audit_dashboard.py", line 43, in _compute_stats
    user_groups = Log.read_group(
 
2026-07-07 12:43:45,888 45 WARNING hellenia_prod py.warnings: /mnt/custom/justech_global_audit_log/models/audit_dashboard.py:72: DeprecationWarning: Since 19.0, read_group is deprecated. Please use _read_group in the backend code or formatted_read_group for a complete formatted result
  File "/usr/bin/odoo", line 6, in <module>
    odoo.cli.main()
  File "/usr/lib/python3/dist-packages/odoo/cli/command.py", line 133, in main
    command().run(args)
  File "/usr/lib/python3/dist-packages/odoo/cli/shell.py", line 162, in run
    self.shell(dbnames[0])
  File "/usr/lib/python3/dist-packages/odoo/cli/shell.py", line 148, in shell
    self.console(local_vars)
  File "/usr/lib/python3/dist-packages/odoo/cli/shell.py", line 82, in console
    exec(sys.stdin.read(), local_vars)
  File "<string>", line 17, in <module>
  File "/usr/lib/python3/dist-packages/odoo/orm/fields.py", line 1744, in __get__
    self.compute_value(recs)
  File "/usr/lib/python3/dist-packages/odoo/orm/fields.py", line 1915, in compute_value
    records._compute_field_value(self)
  File "/usr/lib/python3/dist-packages/odoo/orm/models.py", line 4952, in _compute_field_value
    determine(field.compute, self)
  File "/usr/lib/python3/dist-packages/odoo/orm/fields.py", line 81, in determine
    return needle(*args)
  File "/mnt/custom/justech_global_audit_log/models/audit_dashboard.py", line 72, in _compute_stats
    bulk_users = Log.read_group(
 
2026-07-07 12:43:45,895 45 WARNING hellenia_prod py.warnings: <string>:31: DeprecationWarning: Since 19.0, read_group is deprecated. Please use _read_group in the backend code or formatted_read_group for a complete formatted result
  File "/usr/bin/odoo", line 6, in <module>
    odoo.cli.main()
  File "/usr/lib/python3/dist-packages/odoo/cli/command.py", line 133, in main
    command().run(args)
  File "/usr/lib/python3/dist-packages/odoo/cli/shell.py", line 162, in run
    self.shell(dbnames[0])
  File "/usr/lib/python3/dist-packages/odoo/cli/shell.py", line 148, in shell
    self.console(local_vars)
  File "/usr/lib/python3/dist-packages/odoo/cli/shell.py", line 82, in console
    exec(sys.stdin.read(), local_vars)
  File "<string>", line 31, in <module>
 
{
  "database": "hellenia_prod",
  "checks": {
    "dashboard_compute": true,
    "dashboard_total_logs": true,
    "dashboard_bulk_count": true,
    "dashboard_top_user": true,
    "historico_action": true,
    "panel_action": true,
    "menu_settings": true,
    "rule_off_account.move": true,
    "rule_off_account.payment": true,
    "rule_off_pos.order": true
  },
  "errors": [],
  "pass": true
}
