2026-07-02 13:26:45,765 33 WARNING ? odoo.tools.config: option logfile reads 'False' in the config file at /etc/odoo/odoo.conf but isn't a boolean option, skip 
2026-07-02 13:26:45,765 33 WARNING ? odoo.tools.config: option logfile reads 'False' in the config file at /etc/odoo/odoo.conf but isn't a boolean option, skip 
2026-07-02 13:26:45,765 33 INFO ? odoo: Odoo version 19.0-20260619 
2026-07-02 13:26:45,765 33 INFO ? odoo: Using configuration file at /etc/odoo/odoo.conf 
2026-07-02 13:26:45,765 33 INFO ? odoo: addons paths: _NamespacePath(['/usr/lib/python3/dist-packages/odoo/addons', '/var/lib/odoo/addons/19.0', '/mnt/enterprise/addons', '/mnt/custom', '/usr/lib/python3/dist-packages/addons']) 
2026-07-02 13:26:45,765 33 INFO ? odoo: database: odoo@db:default 
2026-07-02 13:26:45,982 33 INFO ? odoo.service.server: Stopping workers gracefully 
2026-07-02 13:26:46,009 33 INFO hellenia_prod odoo.modules.loading: loading 1 modules... 
2026-07-02 13:26:46,012 33 INFO hellenia_prod odoo.modules.loading: 1 modules loaded in 0.00s, 0 queries (+0 extra) 
2026-07-02 13:26:46,040 33 INFO hellenia_prod odoo.modules.loading: loading 139 modules... 
2026-07-02 13:26:46,884 33 WARNING hellenia_prod odoo.registry: Model attribute '_sql_constraints' is no longer supported, please define models.Constraint on the model. 
2026-07-02 13:26:46,969 33 WARNING hellenia_prod odoo.registry: Model attribute '_sql_constraints' is no longer supported, please define models.Constraint on the model. 
2026-07-02 13:26:47,016 33 WARNING hellenia_prod odoo.registry: Model attribute '_sql_constraints' is no longer supported, please define models.Constraint on the model. 
2026-07-02 13:26:47,052 33 INFO hellenia_prod odoo.modules.loading: 139 modules loaded in 1.01s, 0 queries (+0 extra) 
2026-07-02 13:26:47,151 33 WARNING hellenia_prod odoo.fields: justech.do.fiscal.report.state: selection=[('draft', 'Borrador'), ('validated', 'Validado'), ('pending_approval', 'Requiere aprobación'), ('approved', 'Aprobado'), ('rejected', 'Rechazado'), ('generated', 'Generado'), ('done', 'Generado')] overrides existing selection; use selection_add instead 
2026-07-02 13:26:47,222 33 INFO hellenia_prod odoo.modules.loading: Modules loaded. 
2026-07-02 13:26:47,281 33 INFO hellenia_prod odoo.registry: Registry loaded in 1.299s 
2026-07-02 13:26:47,305 33 INFO hellenia_prod odoo.addons.base.models.ir_module: ALLOW access to module.button_immediate_upgrade on ['Justech Report Design'] to user __system__ #1 via n/a 
2026-07-02 13:26:47,306 33 INFO hellenia_prod odoo.addons.base.models.ir_module: ALLOW access to module.button_upgrade on ['Justech Report Design'] to user __system__ #1 via n/a 
2026-07-02 13:26:47,306 33 INFO hellenia_prod odoo.addons.base.models.ir_module: ALLOW access to module.update_list on ['Justech Report Design'] to user __system__ #1 via n/a 
2026-07-02 13:26:49,211 33 INFO hellenia_prod odoo.addons.base.models.ir_module: ALLOW access to module.button_install on [] to user __system__ #1 via n/a 
2026-07-02 13:26:49,284 33 INFO hellenia_prod odoo.modules.loading: loading 1 modules... 
2026-07-02 13:26:49,287 33 INFO hellenia_prod odoo.modules.loading: 1 modules loaded in 0.00s, 0 queries (+0 extra) 
2026-07-02 13:26:49,307 33 INFO hellenia_prod odoo.modules.loading: updating modules list 
2026-07-02 13:26:49,311 33 INFO hellenia_prod odoo.addons.base.models.ir_module: ALLOW access to module.update_list on [] to user __system__ #1 via n/a 
2026-07-02 13:26:50,791 33 INFO hellenia_prod odoo.modules.loading: loading 139 modules... 
2026-07-02 13:26:50,822 33 WARNING hellenia_prod odoo.registry: Model attribute '_sql_constraints' is no longer supported, please define models.Constraint on the model. 
2026-07-02 13:26:50,825 33 WARNING hellenia_prod odoo.registry: Model attribute '_sql_constraints' is no longer supported, please define models.Constraint on the model. 
2026-07-02 13:26:50,827 33 WARNING hellenia_prod odoo.registry: Model attribute '_sql_constraints' is no longer supported, please define models.Constraint on the model. 
2026-07-02 13:26:50,828 33 INFO hellenia_prod odoo.modules.loading: Loading module justech_report_design (139/139) 
2026-07-02 13:26:50,928 33 WARNING hellenia_prod odoo.fields: justech.do.fiscal.report.state: selection=[('draft', 'Borrador'), ('validated', 'Validado'), ('pending_approval', 'Requiere aprobación'), ('approved', 'Aprobado'), ('rejected', 'Rechazado'), ('generated', 'Generado'), ('done', 'Generado')] overrides existing selection; use selection_add instead 
2026-07-02 13:26:51,029 33 INFO hellenia_prod odoo.registry: module justech_report_design: creating or updating database tables 
2026-07-02 13:26:51,056 33 WARNING hellenia_prod py.warnings: /mnt/custom/justech_l10n_do_ncf/models/account_move.py:115: DeprecationWarning: Deprecated since 19.0, use self.env.cr directly
  File "/usr/bin/odoo", line 6, in <module>
    odoo.cli.main()
  File "/usr/lib/python3/dist-packages/odoo/cli/command.py", line 133, in main
    command().run(args)
  File "/usr/lib/python3/dist-packages/odoo/cli/shell.py", line 162, in run
    self.shell(dbnames[0])
  File "/usr/lib/python3/dist-packages/odoo/cli/shell.py", line 148, in shell
    self.console(local_vars)
  File "/usr/lib/python3/dist-packages/odoo/cli/shell.py", line 82, in console
    exec(sys.stdin.read(), local_vars)
  File "<string>", line 56, in <module>
  File "/usr/lib/python3/dist-packages/odoo/addons/base/models/ir_module.py", line 72, in check_and_log
    return method(self, *args, **kwargs)
  File "/usr/lib/python3/dist-packages/odoo/addons/base/models/ir_module.py", line 700, in button_immediate_upgrade
    return self._button_immediate_function(self.env.registry[self._name].button_upgrade)
  File "/usr/lib/python3/dist-packages/odoo/addons/base/models/ir_module.py", line 637, in _button_immediate_function
    registry = modules.registry.Registry.new(self.env.cr.dbname, update_module=True)
  File "/usr/lib/python3/dist-packages/odoo/tools/func.py", line 88, in locked
    return func(inst, *args, **kwargs)
  File "/usr/lib/python3/dist-packages/odoo/orm/registry.py", line 183, in new
    load_modules(
  File "/usr/lib/python3/dist-packages/odoo/modules/loading.py", line 464, in load_modules
    load_module_graph(
  File "/usr/lib/python3/dist-packages/odoo/modules/loading.py", line 194, in load_module_graph
    registry.init_models(env.cr, model_names, {'module': package.name}, update_operation == 'install')
  File "/usr/lib/python3/dist-packages/odoo/orm/registry.py", line 752, in init_models
    model.init()
  File "/mnt/custom/justech_l10n_do_ncf/models/account_move.py", line 115, in init
    self._cr.execute(
 
2026-07-02 13:26:51,198 33 INFO hellenia_prod odoo.modules.loading: loading justech_report_design/data/paperformat_data.xml 
2026-07-02 13:26:51,203 33 INFO hellenia_prod odoo.modules.loading: loading justech_report_design/data/quotation_terms_default.xml 
2026-07-02 13:26:51,205 33 INFO hellenia_prod odoo.modules.loading: loading justech_report_design/views/res_company_views.xml 
2026-07-02 13:26:51,235 33 INFO hellenia_prod odoo.modules.loading: loading justech_report_design/views/sale_order_views.xml 
2026-07-02 13:26:51,286 33 INFO hellenia_prod odoo.modules.loading: loading justech_report_design/report/quotation/hellenia_quotation_template.xml 
2026-07-02 13:26:51,300 33 INFO hellenia_prod odoo.modules.loading: loading justech_report_design/report/invoice/justech_invoice_template.xml 
2026-07-02 13:26:51,313 33 INFO hellenia_prod odoo.modules.loading: loading justech_report_design/data/report_action_data.xml 
2026-07-02 13:26:51,316 33 INFO hellenia_prod odoo.modules.loading: loading justech_report_design/data/report_invoice_action_data.xml 
2026-07-02 13:26:51,319 33 INFO hellenia_prod odoo.modules.loading: loading justech_report_design/data/report_official_data.xml 
2026-07-02 13:26:51,336 33 INFO hellenia_prod odoo.addons.base.models.ir_module: module justech_report_design: no translation for language es_DO 
2026-07-02 13:26:51,338 33 INFO hellenia_prod odoo.addons.base.models.ir_module: module justech_report_design: no translation for language es_419 
2026-07-02 13:26:51,348 33 INFO hellenia_prod odoo.modules.loading: Module justech_report_design loaded in 0.52s, 299 queries (+299 other) 
2026-07-02 13:26:51,348 33 INFO hellenia_prod odoo.modules.loading: 139 modules loaded in 0.56s, 299 queries (+299 extra) 
2026-07-02 13:26:51,423 33 WARNING hellenia_prod odoo.fields: justech.do.fiscal.report.state: selection=[('draft', 'Borrador'), ('validated', 'Validado'), ('pending_approval', 'Requiere aprobación'), ('approved', 'Aprobado'), ('rejected', 'Rechazado'), ('generated', 'Generado'), ('done', 'Generado')] overrides existing selection; use selection_add instead 
2026-07-02 13:26:52,689 33 INFO hellenia_prod odoo.modules.loading: Modules loaded. 
2026-07-02 13:26:52,712 33 INFO hellenia_prod odoo.registry: Registry changed, signaling through the database 
2026-07-02 13:26:52,713 33 INFO hellenia_prod odoo.registry: Registry loaded in 3.467s 
2026-07-02 13:26:52,714 33 INFO hellenia_prod odoo.addons.base.models.ir_module: getting next ir.actions.todo() 
Traceback (most recent call last):
  File "/usr/bin/odoo", line 6, in <module>
    odoo.cli.main()
  File "/usr/lib/python3/dist-packages/odoo/cli/command.py", line 133, in main
    command().run(args)
  File "/usr/lib/python3/dist-packages/odoo/cli/shell.py", line 162, in run
    self.shell(dbnames[0])
  File "/usr/lib/python3/dist-packages/odoo/cli/shell.py", line 148, in shell
    self.console(local_vars)
  File "/usr/lib/python3/dist-packages/odoo/cli/shell.py", line 82, in console
    exec(sys.stdin.read(), local_vars)
  File "<string>", line 135, in <module>
  File "<string>", line 131, in find_invoice
  File "/usr/lib/python3/dist-packages/odoo/orm/models.py", line 1378, in search
    return self.search_fetch(domain, [], offset=offset, limit=limit, order=order)
           ^^^^^^^^^^^^^^^^^^^^^^^^^^^^^^^^^^^^^^^^^^^^^^^^^^^^^^^^^^^^^^^^^^^^^^
  File "/usr/lib/python3/dist-packages/odoo/orm/models.py", line 1408, in search_fetch
    query = self._search(domain, offset=offset, limit=limit, order=order or self._order)
            ^^^^^^^^^^^^^^^^^^^^^^^^^^^^^^^^^^^^^^^^^^^^^^^^^^^^^^^^^^^^^^^^^^^^^^^^^^^^
  File "/usr/lib/python3/dist-packages/odoo/orm/models.py", line 5353, in _search
    domain = Domain(domain)
             ^^^^^^^^^^^^^^
  File "/usr/lib/python3/dist-packages/odoo/orm/domains.py", line 270, in __new__
    raise ValueError(f"Domain() invalid item in domain: {item!r}")
ValueError: Domain() invalid item in domain: ('state', 'posted')
